Jul 10 12:18:55 demo-2 kernel: microcode: updated early: 0x36 -> 0x37, date = 2024-05-29
Jul 10 12:18:55 demo-2 kernel: Linux version 5.14.0-427.33.1.vz9.72.5 (mockbuild@ef9100742b114bd18494a0b9e344d9ac) (gcc (GCC) 11.4.1 20230605 (Red Hat 11.4.1-2), GNU ld version 2.35.2-42.vl9) #1 SMP PREEMPT_DYNAMIC Thu Sep 26 19:09:22 CEST 2024
Jul 10 12:18:55 demo-2 kernel: The list of certified hardware and cloud instances for Red Hat Enterprise Linux 9 can be viewed at the Red Hat Ecosystem Catalog, https://catalog.redhat.com.
Jul 10 12:18:55 demo-2 kernel: Command line: BOOT_IMAGE=(hd1,gpt2)/vmlinuz-5.14.0-427.33.1.vz9.72.5 root=UUID=ed7b7d4d-6537-4432-b13f-c06e3b7ef9f6 ro tcache.enabled=0 resume=UUID=8595c4f9-ca82-45f8-9f02-14a026e04915 selinux=0 crashkernel=1G-4G:192M,4G-64G:256M,64G-:512M
Jul 10 12:18:55 demo-2 kernel: x86/tme: not enabled by BIOS
Jul 10 12:18:55 demo-2 kernel: x86/split lock detection: #AC: crashing the kernel on kernel split_locks and warning on user-space split_locks
Jul 10 12:18:55 demo-2 kernel: x86/fpu: Supporting XSAVE feature 0x001: 'x87 floating point registers'
Jul 10 12:18:55 demo-2 kernel: x86/fpu: Supporting XSAVE feature 0x002: 'SSE registers'
Jul 10 12:18:55 demo-2 kernel: x86/fpu: Supporting XSAVE feature 0x004: 'AVX registers'
Jul 10 12:18:55 demo-2 kernel: x86/fpu: Supporting XSAVE feature 0x200: 'Protection Keys User registers'
Jul 10 12:18:55 demo-2 kernel: x86/fpu: xstate_offset[2]:  576, xstate_sizes[2]:  256
Jul 10 12:18:55 demo-2 kernel: x86/fpu: xstate_offset[9]:  832, xstate_sizes[9]:    8
Jul 10 12:18:55 demo-2 kernel: x86/fpu: Enabled xstate features 0x207, context size is 840 bytes, using 'compacted' format.
Jul 10 12:18:55 demo-2 kernel: signal: max sigframe size: 3632
Jul 10 12:18:55 demo-2 kernel: BIOS-provided physical RAM map:
Jul 10 12:18:55 demo-2 kernel: BIOS-e820: [mem 0x0000000000000000-0x000000000009dfff] usable
Jul 10 12:18:55 demo-2 kernel: BIOS-e820: [mem 0x000000000009e000-0x000000000009efff] reserved
Jul 10 12:18:55 demo-2 kernel: BIOS-e820: [mem 0x000000000009f000-0x000000000009ffff] usable
Jul 10 12:18:55 demo-2 kernel: BIOS-e820: [mem 0x00000000000a0000-0x00000000000fffff] reserved
Jul 10 12:18:55 demo-2 kernel: BIOS-e820: [mem 0x0000000000100000-0x000000007220dfff] usable
Jul 10 12:18:55 demo-2 kernel: BIOS-e820: [mem 0x000000007220e000-0x00000000745b9fff] reserved
Jul 10 12:18:55 demo-2 kernel: BIOS-e820: [mem 0x00000000745ba000-0x00000000746cafff] ACPI data
Jul 10 12:18:55 demo-2 kernel: BIOS-e820: [mem 0x00000000746cb000-0x00000000748cafff] ACPI NVS
Jul 10 12:18:55 demo-2 kernel: BIOS-e820: [mem 0x00000000748cb000-0x0000000075bfefff] reserved
Jul 10 12:18:55 demo-2 kernel: BIOS-e820: [mem 0x0000000075bff000-0x0000000075bfffff] usable
Jul 10 12:18:55 demo-2 kernel: BIOS-e820: [mem 0x0000000075c00000-0x0000000079ffffff] reserved
Jul 10 12:18:55 demo-2 kernel: BIOS-e820: [mem 0x000000007a600000-0x000000007a7fffff] reserved
Jul 10 12:18:55 demo-2 kernel: BIOS-e820: [mem 0x000000007b000000-0x00000000807fffff] reserved
Jul 10 12:18:55 demo-2 kernel: BIOS-e820: [mem 0x00000000c0000000-0x00000000cfffffff] reserved
Jul 10 12:18:55 demo-2 kernel: BIOS-e820: [mem 0x00000000fe000000-0x00000000fe010fff] reserved
Jul 10 12:18:55 demo-2 kernel: BIOS-e820: [mem 0x00000000fec00000-0x00000000fec00fff] reserved
Jul 10 12:18:55 demo-2 kernel: BIOS-e820: [mem 0x00000000fed00000-0x00000000fed00fff] reserved
Jul 10 12:18:55 demo-2 kernel: BIOS-e820: [mem 0x00000000fed20000-0x00000000fed7ffff] reserved
Jul 10 12:18:55 demo-2 kernel: BIOS-e820: [mem 0x00000000fee00000-0x00000000fee00fff] reserved
Jul 10 12:18:55 demo-2 kernel: BIOS-e820: [mem 0x00000000ff000000-0x00000000ffffffff] reserved
Jul 10 12:18:55 demo-2 kernel: BIOS-e820: [mem 0x0000000100000000-0x000000207f7fffff] usable
Jul 10 12:18:55 demo-2 kernel: NX (Execute Disable) protection: active
Jul 10 12:18:55 demo-2 kernel: extended physical RAM map:
Jul 10 12:18:55 demo-2 kernel: reserve setup_data: [mem 0x0000000000000000-0x000000000009dfff] usable
Jul 10 12:18:55 demo-2 kernel: reserve setup_data: [mem 0x000000000009e000-0x000000000009efff] reserved
Jul 10 12:18:55 demo-2 kernel: reserve setup_data: [mem 0x000000000009f000-0x000000000009ffff] usable
Jul 10 12:18:55 demo-2 kernel: reserve setup_data: [mem 0x00000000000a0000-0x00000000000fffff] reserved
Jul 10 12:18:55 demo-2 kernel: reserve setup_data: [mem 0x0000000000100000-0x000000005b399017] usable
Jul 10 12:18:55 demo-2 kernel: reserve setup_data: [mem 0x000000005b399018-0x000000005b3cdc57] usable
Jul 10 12:18:55 demo-2 kernel: reserve setup_data: [mem 0x000000005b3cdc58-0x000000005b3ce017] usable
Jul 10 12:18:55 demo-2 kernel: reserve setup_data: [mem 0x000000005b3ce018-0x000000005b402c57] usable
Jul 10 12:18:55 demo-2 kernel: reserve setup_data: [mem 0x000000005b402c58-0x000000005b403017] usable
Jul 10 12:18:55 demo-2 kernel: reserve setup_data: [mem 0x000000005b403018-0x000000005b427657] usable
Jul 10 12:18:55 demo-2 kernel: reserve setup_data: [mem 0x000000005b427658-0x000000007220dfff] usable
Jul 10 12:18:55 demo-2 kernel: reserve setup_data: [mem 0x000000007220e000-0x00000000745b9fff] reserved
Jul 10 12:18:55 demo-2 kernel: reserve setup_data: [mem 0x00000000745ba000-0x00000000746cafff] ACPI data
Jul 10 12:18:55 demo-2 kernel: reserve setup_data: [mem 0x00000000746cb000-0x00000000748cafff] ACPI NVS
Jul 10 12:18:55 demo-2 kernel: reserve setup_data: [mem 0x00000000748cb000-0x0000000075bfefff] reserved
Jul 10 12:18:55 demo-2 kernel: reserve setup_data: [mem 0x0000000075bff000-0x0000000075bfffff] usable
Jul 10 12:18:55 demo-2 kernel: reserve setup_data: [mem 0x0000000075c00000-0x0000000079ffffff] reserved
Jul 10 12:18:55 demo-2 kernel: reserve setup_data: [mem 0x000000007a600000-0x000000007a7fffff] reserved
Jul 10 12:18:55 demo-2 kernel: reserve setup_data: [mem 0x000000007b000000-0x00000000807fffff] reserved
Jul 10 12:18:55 demo-2 kernel: reserve setup_data: [mem 0x00000000c0000000-0x00000000cfffffff] reserved
Jul 10 12:18:55 demo-2 kernel: reserve setup_data: [mem 0x00000000fe000000-0x00000000fe010fff] reserved
Jul 10 12:18:55 demo-2 kernel: reserve setup_data: [mem 0x00000000fec00000-0x00000000fec00fff] reserved
Jul 10 12:18:55 demo-2 kernel: reserve setup_data: [mem 0x00000000fed00000-0x00000000fed00fff] reserved
Jul 10 12:18:55 demo-2 kernel: reserve setup_data: [mem 0x00000000fed20000-0x00000000fed7ffff] reserved
Jul 10 12:18:55 demo-2 kernel: reserve setup_data: [mem 0x00000000fee00000-0x00000000fee00fff] reserved
Jul 10 12:18:55 demo-2 kernel: reserve setup_data: [mem 0x00000000ff000000-0x00000000ffffffff] reserved
Jul 10 12:18:55 demo-2 kernel: reserve setup_data: [mem 0x0000000100000000-0x000000207f7fffff] usable
Jul 10 12:18:55 demo-2 kernel: efi: EFI v2.8 by American Megatrends
Jul 10 12:18:55 demo-2 kernel: efi: ACPI=0x74848000 ACPI 2.0=0x74848014 TPMFinalLog=0x74816000 SMBIOS=0x75622000 SMBIOS 3.0=0x75621000 MEMATTR=0x6d808018 ESRT=0x6ebd5098 MOKvar=0x7563c000 RNG=0x745ef018 TPMEventLog=0x6841f018 
Jul 10 12:18:55 demo-2 kernel: efi: Remove mem92: MMIO range=[0xc0000000-0xcfffffff] (256MB) from e820 map
Jul 10 12:18:55 demo-2 kernel: efi: Not removing mem93: MMIO range=[0xfe000000-0xfe010fff] (68KB) from e820 map
Jul 10 12:18:55 demo-2 kernel: efi: Not removing mem94: MMIO range=[0xfec00000-0xfec00fff] (4KB) from e820 map
Jul 10 12:18:55 demo-2 kernel: efi: Not removing mem95: MMIO range=[0xfed00000-0xfed00fff] (4KB) from e820 map
Jul 10 12:18:55 demo-2 kernel: efi: Not removing mem97: MMIO range=[0xfee00000-0xfee00fff] (4KB) from e820 map
Jul 10 12:18:55 demo-2 kernel: efi: Remove mem98: MMIO range=[0xff000000-0xffffffff] (16MB) from e820 map
Jul 10 12:18:55 demo-2 kernel: secureboot: Secure boot disabled
Jul 10 12:18:55 demo-2 kernel: SMBIOS 3.6.0 present.
Jul 10 12:18:55 demo-2 kernel: DMI: Micro-Star International Co., Ltd. MS-7E06/PRO Z790-P WIFI (MS-7E06), BIOS A.F0 10/23/2024
Jul 10 12:18:55 demo-2 kernel: tsc: Detected 2100.000 MHz processor
Jul 10 12:18:55 demo-2 kernel: tsc: Detected 2112.000 MHz TSC
Jul 10 12:18:55 demo-2 kernel: last_pfn = 0x207f800 max_arch_pfn = 0x400000000
Jul 10 12:18:55 demo-2 kernel: MTRR map: 5 entries (3 fixed + 2 variable; max 23), built from 10 variable MTRRs
Jul 10 12:18:55 demo-2 kernel: x86/PAT: Configuration [0-7]: WB  WC  UC- UC  WB  WP  UC- WT  
Jul 10 12:18:55 demo-2 kernel: last_pfn = 0x75c00 max_arch_pfn = 0x400000000
Jul 10 12:18:55 demo-2 kernel: esrt: Reserving ESRT space from 0x000000006ebd5098 to 0x000000006ebd50f8.
Jul 10 12:18:55 demo-2 kernel: Using GB pages for direct mapping
Jul 10 12:18:55 demo-2 kernel: Incomplete global flushes, disabling PCID
Jul 10 12:18:55 demo-2 kernel: secureboot: Secure boot disabled
Jul 10 12:18:55 demo-2 kernel: RAMDISK: [mem 0x6160c000-0x63a57fff]
Jul 10 12:18:55 demo-2 kernel: ACPI: Early table checksum verification disabled
Jul 10 12:18:55 demo-2 kernel: ACPI: RSDP 0x0000000074848014 000024 (v02 GENSYS)
Jul 10 12:18:55 demo-2 kernel: ACPI: XSDT 0x0000000074847728 00010C (v01 GENSYS GENUINE  01072009 AMI  01000013)
Jul 10 12:18:55 demo-2 kernel: ACPI: FACP 0x00000000746C8000 000114 (v06 GENSYS GENUINE  01072009 AMI  01000013)
Jul 10 12:18:55 demo-2 kernel: ACPI: DSDT 0x0000000074627000 0A0A1C (v02 GENSYS GENUINE  01072009 INTL 20200717)
Jul 10 12:18:55 demo-2 kernel: ACPI: FACS 0x00000000748CA000 000040
Jul 10 12:18:55 demo-2 kernel: ACPI: FIDT 0x0000000074626000 00009C (v01 GENSYS GENUINE  01072009 AMI  00010013)
Jul 10 12:18:55 demo-2 kernel: ACPI: MSDM 0x0000000074625000 000055 (v03 GENSYS GENUINE  01072009 AMI  01000013)
Jul 10 12:18:55 demo-2 kernel: ACPI: SLIC 0x00000000746CA000 000176 (v01 GENSYS GENUINE  01072009 AMI  01000013)
Jul 10 12:18:55 demo-2 kernel: ACPI: SSDT 0x00000000746C9000 00038C (v02 PmaxDv Pmax_Dev 00000001 INTL 20200717)
Jul 10 12:18:55 demo-2 kernel: ACPI: SSDT 0x000000007461F000 005D34 (v02 CpuRef CpuSsdt  00003000 INTL 20200717)
Jul 10 12:18:55 demo-2 kernel: ACPI: SSDT 0x000000007461C000 002BA7 (v02 SaSsdt SaSsdt   00003000 INTL 20200717)
Jul 10 12:18:55 demo-2 kernel: ACPI: SSDT 0x0000000074618000 00334F (v02 INTEL  IgfxSsdt 00003000 INTL 20200717)
Jul 10 12:18:55 demo-2 kernel: ACPI: HPET 0x0000000074617000 000038 (v01 GENSYS GENUINE  01072009 AMI  01000013)
Jul 10 12:18:55 demo-2 kernel: ACPI: APIC 0x0000000074616000 0001DC (v05 GENSYS GENUINE  01072009 AMI  01000013)
Jul 10 12:18:55 demo-2 kernel: ACPI: MCFG 0x0000000074615000 00003C (v01 GENSYS GENUINE  01072009 AMI  01000013)
Jul 10 12:18:55 demo-2 kernel: ACPI: SSDT 0x0000000074613000 001F1A (v02 GENSYS Ther_Rvp 00001000 INTL 20200717)
Jul 10 12:18:55 demo-2 kernel: ACPI: UEFI 0x00000000747FC000 000048 (v01 GENSYS GENUINE  01072009 AMI  01000013)
Jul 10 12:18:55 demo-2 kernel: ACPI: NHLT 0x0000000074612000 00002D (v00 GENSYS GENUINE  01072009 AMI  01000013)
Jul 10 12:18:55 demo-2 kernel: ACPI: LPIT 0x0000000074611000 0000CC (v01 GENSYS GENUINE  01072009 AMI  01000013)
Jul 10 12:18:55 demo-2 kernel: ACPI: SSDT 0x000000007460D000 002A83 (v02 GENSYS PtidDevc 00001000 INTL 20200717)
Jul 10 12:18:55 demo-2 kernel: ACPI: SSDT 0x0000000074603000 0093E7 (v02 GENSYS TbtTypeC 00000000 INTL 20200717)
Jul 10 12:18:55 demo-2 kernel: ACPI: DBGP 0x0000000074602000 000034 (v01 GENSYS GENUINE  01072009 AMI  01000013)
Jul 10 12:18:55 demo-2 kernel: ACPI: DBG2 0x0000000074601000 000054 (v00 GENSYS GENUINE  01072009 AMI  01000013)
Jul 10 12:18:55 demo-2 kernel: ACPI: SSDT 0x00000000745FF000 00190A (v02 GENSYS UsbCTabl 00001000 INTL 20200717)
Jul 10 12:18:55 demo-2 kernel: ACPI: DMAR 0x00000000745FE000 000088 (v01 INTEL  EDK2     00000002      01000013)
Jul 10 12:18:55 demo-2 kernel: ACPI: FPDT 0x00000000745FD000 000044 (v01 GENSYS A M I    01072009 AMI  01000013)
Jul 10 12:18:55 demo-2 kernel: ACPI: SSDT 0x00000000745FB000 00160A (v02 INTEL  xh_rps14 00000000 INTL 20200717)
Jul 10 12:18:55 demo-2 kernel: ACPI: SSDT 0x00000000745F7000 0039DA (v02 SocGpe SocGpe   00003000 INTL 20200717)
Jul 10 12:18:55 demo-2 kernel: ACPI: SSDT 0x00000000745F3000 0039DA (v02 SocCmn SocCmn   00003000 INTL 20200717)
Jul 10 12:18:55 demo-2 kernel: ACPI: PHAT 0x00000000745F1000 00081C (v01 GENSYS GENUINE  00000005 MSFT 0100000D)
Jul 10 12:18:55 demo-2 kernel: ACPI: TPM2 0x00000000745F0000 00004C (v04 GENSYS GENUINE  00000001 AMI  00000000)
Jul 10 12:18:55 demo-2 kernel: ACPI: WSMT 0x0000000074610000 000028 (v01 GENSYS GENUINE  01072009 AMI  00010013)
Jul 10 12:18:55 demo-2 kernel: ACPI: BGRT 0x00000000745F2000 000038 (v01 GENSYS GENUINE  01072009 AMI  00010013)
Jul 10 12:18:55 demo-2 kernel: ACPI: Reserving FACP table memory at [mem 0x746c8000-0x746c8113]
Jul 10 12:18:55 demo-2 kernel: ACPI: Reserving DSDT table memory at [mem 0x74627000-0x746c7a1b]
Jul 10 12:18:55 demo-2 kernel: ACPI: Reserving FACS table memory at [mem 0x748ca000-0x748ca03f]
Jul 10 12:18:55 demo-2 kernel: ACPI: Reserving FIDT table memory at [mem 0x74626000-0x7462609b]
Jul 10 12:18:55 demo-2 kernel: ACPI: Reserving MSDM table memory at [mem 0x74625000-0x74625054]
Jul 10 12:18:55 demo-2 kernel: ACPI: Reserving SLIC table memory at [mem 0x746ca000-0x746ca175]
Jul 10 12:18:55 demo-2 kernel: ACPI: Reserving SSDT table memory at [mem 0x746c9000-0x746c938b]
Jul 10 12:18:55 demo-2 kernel: ACPI: Reserving SSDT table memory at [mem 0x7461f000-0x74624d33]
Jul 10 12:18:55 demo-2 kernel: ACPI: Reserving SSDT table memory at [mem 0x7461c000-0x7461eba6]
Jul 10 12:18:55 demo-2 kernel: ACPI: Reserving SSDT table memory at [mem 0x74618000-0x7461b34e]
Jul 10 12:18:55 demo-2 kernel: ACPI: Reserving HPET table memory at [mem 0x74617000-0x74617037]
Jul 10 12:18:55 demo-2 kernel: ACPI: Reserving APIC table memory at [mem 0x74616000-0x746161db]
Jul 10 12:18:55 demo-2 kernel: ACPI: Reserving MCFG table memory at [mem 0x74615000-0x7461503b]
Jul 10 12:18:55 demo-2 kernel: ACPI: Reserving SSDT table memory at [mem 0x74613000-0x74614f19]
Jul 10 12:18:55 demo-2 kernel: ACPI: Reserving UEFI table memory at [mem 0x747fc000-0x747fc047]
Jul 10 12:18:55 demo-2 kernel: ACPI: Reserving NHLT table memory at [mem 0x74612000-0x7461202c]
Jul 10 12:18:55 demo-2 kernel: ACPI: Reserving LPIT table memory at [mem 0x74611000-0x746110cb]
Jul 10 12:18:55 demo-2 kernel: ACPI: Reserving SSDT table memory at [mem 0x7460d000-0x7460fa82]
Jul 10 12:18:55 demo-2 kernel: ACPI: Reserving SSDT table memory at [mem 0x74603000-0x7460c3e6]
Jul 10 12:18:55 demo-2 kernel: ACPI: Reserving DBGP table memory at [mem 0x74602000-0x74602033]
Jul 10 12:18:55 demo-2 kernel: ACPI: Reserving DBG2 table memory at [mem 0x74601000-0x74601053]
Jul 10 12:18:55 demo-2 kernel: ACPI: Reserving SSDT table memory at [mem 0x745ff000-0x74600909]
Jul 10 12:18:55 demo-2 kernel: ACPI: Reserving DMAR table memory at [mem 0x745fe000-0x745fe087]
Jul 10 12:18:55 demo-2 kernel: ACPI: Reserving FPDT table memory at [mem 0x745fd000-0x745fd043]
Jul 10 12:18:55 demo-2 kernel: ACPI: Reserving SSDT table memory at [mem 0x745fb000-0x745fc609]
Jul 10 12:18:55 demo-2 kernel: ACPI: Reserving SSDT table memory at [mem 0x745f7000-0x745fa9d9]
Jul 10 12:18:55 demo-2 kernel: ACPI: Reserving SSDT table memory at [mem 0x745f3000-0x745f69d9]
Jul 10 12:18:55 demo-2 kernel: ACPI: Reserving PHAT table memory at [mem 0x745f1000-0x745f181b]
Jul 10 12:18:55 demo-2 kernel: ACPI: Reserving TPM2 table memory at [mem 0x745f0000-0x745f004b]
Jul 10 12:18:55 demo-2 kernel: ACPI: Reserving WSMT table memory at [mem 0x74610000-0x74610027]
Jul 10 12:18:55 demo-2 kernel: ACPI: Reserving BGRT table memory at [mem 0x745f2000-0x745f2037]
Jul 10 12:18:55 demo-2 kernel: No NUMA configuration found
Jul 10 12:18:55 demo-2 kernel: Faking a node at [mem 0x0000000000000000-0x000000207f7fffff]
Jul 10 12:18:55 demo-2 kernel: NODE_DATA(0) allocated [mem 0x207f7d5000-0x207f7fffff]
Jul 10 12:18:55 demo-2 kernel: Reserving 512MB of memory at 944MB for crashkernel (System RAM: 130841MB)
Jul 10 12:18:55 demo-2 kernel: Zone ranges:
Jul 10 12:18:55 demo-2 kernel:  DMA      [mem 0x0000000000001000-0x0000000000ffffff]
Jul 10 12:18:55 demo-2 kernel:  DMA32    [mem 0x0000000001000000-0x00000000ffffffff]
Jul 10 12:18:55 demo-2 kernel:  Normal   [mem 0x0000000100000000-0x000000207f7fffff]
Jul 10 12:18:55 demo-2 kernel:  Device   empty
Jul 10 12:18:55 demo-2 kernel: Movable zone start for each node
Jul 10 12:18:55 demo-2 kernel: Early memory node ranges
Jul 10 12:18:55 demo-2 kernel:  node   0: [mem 0x0000000000001000-0x000000000009dfff]
Jul 10 12:18:55 demo-2 kernel:  node   0: [mem 0x000000000009f000-0x000000000009ffff]
Jul 10 12:18:55 demo-2 kernel:  node   0: [mem 0x0000000000100000-0x000000007220dfff]
Jul 10 12:18:55 demo-2 kernel:  node   0: [mem 0x0000000075bff000-0x0000000075bfffff]
Jul 10 12:18:55 demo-2 kernel:  node   0: [mem 0x0000000100000000-0x000000207f7fffff]
Jul 10 12:18:55 demo-2 kernel: Initmem setup node 0 [mem 0x0000000000001000-0x000000207f7fffff]
Jul 10 12:18:55 demo-2 kernel: On node 0, zone DMA: 1 pages in unavailable ranges
Jul 10 12:18:55 demo-2 kernel: On node 0, zone DMA: 1 pages in unavailable ranges
Jul 10 12:18:55 demo-2 kernel: On node 0, zone DMA: 96 pages in unavailable ranges
Jul 10 12:18:55 demo-2 kernel: On node 0, zone DMA32: 14833 pages in unavailable ranges
Jul 10 12:18:55 demo-2 kernel: On node 0, zone Normal: 9216 pages in unavailable ranges
Jul 10 12:18:55 demo-2 kernel: On node 0, zone Normal: 2048 pages in unavailable ranges
Jul 10 12:18:55 demo-2 kernel: ACPI: PM-Timer IO Port: 0x1808
Jul 10 12:18:55 demo-2 kernel: ACPI: LAPIC_NMI (acpi_id[0x01] high edge lint[0x1])
Jul 10 12:18:55 demo-2 kernel: ACPI: LAPIC_NMI (acpi_id[0x02] high edge lint[0x1])
Jul 10 12:18:55 demo-2 kernel: ACPI: LAPIC_NMI (acpi_id[0x03] high edge lint[0x1])
Jul 10 12:18:55 demo-2 kernel: ACPI: LAPIC_NMI (acpi_id[0x04] high edge lint[0x1])
Jul 10 12:18:55 demo-2 kernel: ACPI: LAPIC_NMI (acpi_id[0x05] high edge lint[0x1])
Jul 10 12:18:55 demo-2 kernel: ACPI: LAPIC_NMI (acpi_id[0x06] high edge lint[0x1])
Jul 10 12:18:55 demo-2 kernel: ACPI: LAPIC_NMI (acpi_id[0x07] high edge lint[0x1])
Jul 10 12:18:55 demo-2 kernel: ACPI: LAPIC_NMI (acpi_id[0x08] high edge lint[0x1])
Jul 10 12:18:55 demo-2 kernel: ACPI: LAPIC_NMI (acpi_id[0x09] high edge lint[0x1])
Jul 10 12:18:55 demo-2 kernel: ACPI: LAPIC_NMI (acpi_id[0x0a] high edge lint[0x1])
Jul 10 12:18:55 demo-2 kernel: ACPI: LAPIC_NMI (acpi_id[0x0b] high edge lint[0x1])
Jul 10 12:18:55 demo-2 kernel: ACPI: LAPIC_NMI (acpi_id[0x0c] high edge lint[0x1])
Jul 10 12:18:55 demo-2 kernel: ACPI: LAPIC_NMI (acpi_id[0x0d] high edge lint[0x1])
Jul 10 12:18:55 demo-2 kernel: ACPI: LAPIC_NMI (acpi_id[0x0e] high edge lint[0x1])
Jul 10 12:18:55 demo-2 kernel: ACPI: LAPIC_NMI (acpi_id[0x0f] high edge lint[0x1])
Jul 10 12:18:55 demo-2 kernel: ACPI: LAPIC_NMI (acpi_id[0x10] high edge lint[0x1])
Jul 10 12:18:55 demo-2 kernel: ACPI: LAPIC_NMI (acpi_id[0x11] high edge lint[0x1])
Jul 10 12:18:55 demo-2 kernel: ACPI: LAPIC_NMI (acpi_id[0x12] high edge lint[0x1])
Jul 10 12:18:55 demo-2 kernel: ACPI: LAPIC_NMI (acpi_id[0x13] high edge lint[0x1])
Jul 10 12:18:55 demo-2 kernel: ACPI: LAPIC_NMI (acpi_id[0x14] high edge lint[0x1])
Jul 10 12:18:55 demo-2 kernel: ACPI: LAPIC_NMI (acpi_id[0x15] high edge lint[0x1])
Jul 10 12:18:55 demo-2 kernel: ACPI: LAPIC_NMI (acpi_id[0x16] high edge lint[0x1])
Jul 10 12:18:55 demo-2 kernel: ACPI: LAPIC_NMI (acpi_id[0x17] high edge lint[0x1])
Jul 10 12:18:55 demo-2 kernel: ACPI: LAPIC_NMI (acpi_id[0x00] high edge lint[0x1])
Jul 10 12:18:55 demo-2 kernel: IOAPIC[0]: apic_id 2, version 32, address 0xfec00000, GSI 0-119
Jul 10 12:18:55 demo-2 kernel: ACPI: INT_SRC_OVR (bus 0 bus_irq 0 global_irq 2 dfl dfl)
Jul 10 12:18:55 demo-2 kernel: ACPI: INT_SRC_OVR (bus 0 bus_irq 9 global_irq 9 high level)
Jul 10 12:18:55 demo-2 kernel: ACPI: Using ACPI (MADT) for SMP configuration information
Jul 10 12:18:55 demo-2 kernel: ACPI: HPET id: 0x8086a201 base: 0xfed00000
Jul 10 12:18:55 demo-2 kernel: TSC deadline timer available
Jul 10 12:18:55 demo-2 kernel: smpboot: Allowing 16 CPUs, 0 hotplug CPUs
Jul 10 12:18:55 demo-2 kernel: PM: hibernation: Registered nosave memory: [mem 0x00000000-0x00000fff]
Jul 10 12:18:55 demo-2 kernel: PM: hibernation: Registered nosave memory: [mem 0x0009e000-0x0009efff]
Jul 10 12:18:55 demo-2 kernel: PM: hibernation: Registered nosave memory: [mem 0x000a0000-0x000fffff]
Jul 10 12:18:55 demo-2 kernel: PM: hibernation: Registered nosave memory: [mem 0x5b399000-0x5b399fff]
Jul 10 12:18:55 demo-2 kernel: PM: hibernation: Registered nosave memory: [mem 0x5b3cd000-0x5b3cdfff]
Jul 10 12:18:55 demo-2 kernel: PM: hibernation: Registered nosave memory: [mem 0x5b3ce000-0x5b3cefff]
Jul 10 12:18:55 demo-2 kernel: PM: hibernation: Registered nosave memory: [mem 0x5b402000-0x5b402fff]
Jul 10 12:18:55 demo-2 kernel: PM: hibernation: Registered nosave memory: [mem 0x5b403000-0x5b403fff]
Jul 10 12:18:55 demo-2 kernel: PM: hibernation: Registered nosave memory: [mem 0x5b427000-0x5b427fff]
Jul 10 12:18:55 demo-2 kernel: PM: hibernation: Registered nosave memory: [mem 0x6d731000-0x6d78dfff]
Jul 10 12:18:55 demo-2 kernel: PM: hibernation: Registered nosave memory: [mem 0x6ebd5000-0x6ebd5fff]
Jul 10 12:18:55 demo-2 kernel: PM: hibernation: Registered nosave memory: [mem 0x7220e000-0x745b9fff]
Jul 10 12:18:55 demo-2 kernel: PM: hibernation: Registered nosave memory: [mem 0x745ba000-0x746cafff]
Jul 10 12:18:55 demo-2 kernel: PM: hibernation: Registered nosave memory: [mem 0x746cb000-0x748cafff]
Jul 10 12:18:55 demo-2 kernel: PM: hibernation: Registered nosave memory: [mem 0x748cb000-0x75bfefff]
Jul 10 12:18:55 demo-2 kernel: PM: hibernation: Registered nosave memory: [mem 0x75c00000-0x79ffffff]
Jul 10 12:18:55 demo-2 kernel: PM: hibernation: Registered nosave memory: [mem 0x7a000000-0x7a5fffff]
Jul 10 12:18:55 demo-2 kernel: PM: hibernation: Registered nosave memory: [mem 0x7a600000-0x7a7fffff]
Jul 10 12:18:55 demo-2 kernel: PM: hibernation: Registered nosave memory: [mem 0x7a800000-0x7affffff]
Jul 10 12:18:55 demo-2 kernel: PM: hibernation: Registered nosave memory: [mem 0x7b000000-0x807fffff]
Jul 10 12:18:55 demo-2 kernel: PM: hibernation: Registered nosave memory: [mem 0x80800000-0xfdffffff]
Jul 10 12:18:55 demo-2 kernel: PM: hibernation: Registered nosave memory: [mem 0xfe000000-0xfe010fff]
Jul 10 12:18:55 demo-2 kernel: PM: hibernation: Registered nosave memory: [mem 0xfe011000-0xfebfffff]
Jul 10 12:18:55 demo-2 kernel: PM: hibernation: Registered nosave memory: [mem 0xfec00000-0xfec00fff]
Jul 10 12:18:55 demo-2 kernel: PM: hibernation: Registered nosave memory: [mem 0xfec01000-0xfecfffff]
Jul 10 12:18:55 demo-2 kernel: PM: hibernation: Registered nosave memory: [mem 0xfed00000-0xfed00fff]
Jul 10 12:18:55 demo-2 kernel: PM: hibernation: Registered nosave memory: [mem 0xfed01000-0xfed1ffff]
Jul 10 12:18:55 demo-2 kernel: PM: hibernation: Registered nosave memory: [mem 0xfed20000-0xfed7ffff]
Jul 10 12:18:55 demo-2 kernel: PM: hibernation: Registered nosave memory: [mem 0xfed80000-0xfedfffff]
Jul 10 12:18:55 demo-2 kernel: PM: hibernation: Registered nosave memory: [mem 0xfee00000-0xfee00fff]
Jul 10 12:18:55 demo-2 kernel: PM: hibernation: Registered nosave memory: [mem 0xfee01000-0xffffffff]
Jul 10 12:18:55 demo-2 kernel: [mem 0x80800000-0xfdffffff] available for PCI devices
Jul 10 12:18:55 demo-2 kernel: Booting paravirtualized kernel on bare hardware
Jul 10 12:18:55 demo-2 kernel: clocksource: refined-jiffies: mask: 0xffffffff max_cycles: 0xffffffff, max_idle_ns: 1910969940391419 ns
Jul 10 12:18:55 demo-2 kernel: setup_percpu: NR_CPUS:8192 nr_cpumask_bits:16 nr_cpu_ids:16 nr_node_ids:1
Jul 10 12:18:55 demo-2 kernel: percpu: Embedded 63 pages/cpu s221184 r8192 d28672 u262144
Jul 10 12:18:55 demo-2 kernel: Fallback order for Node 0: 0 
Jul 10 12:18:55 demo-2 kernel: Built 1 zonelists, mobility grouping on.  Total pages: 32971942
Jul 10 12:18:55 demo-2 kernel: Policy zone: Normal
Jul 10 12:18:55 demo-2 kernel: Kernel command line: BOOT_IMAGE=(hd1,gpt2)/vmlinuz-5.14.0-427.33.1.vz9.72.5 root=UUID=ed7b7d4d-6537-4432-b13f-c06e3b7ef9f6 ro tcache.enabled=0 resume=UUID=8595c4f9-ca82-45f8-9f02-14a026e04915 selinux=0 crashkernel=1G-4G:192M,4G-64G:256M,64G-:512M
Jul 10 12:18:55 demo-2 kernel: Unknown kernel command line parameters "BOOT_IMAGE=(hd1,gpt2)/vmlinuz-5.14.0-427.33.1.vz9.72.5", will be passed to user space.
Jul 10 12:18:55 demo-2 kernel: random: crng init done
Jul 10 12:18:55 demo-2 kernel: Dentry cache hash table entries: 8388608 (order: 14, 67108864 bytes, linear)
Jul 10 12:18:55 demo-2 kernel: Inode-cache hash table entries: 4194304 (order: 13, 33554432 bytes, linear)
Jul 10 12:18:55 demo-2 kernel: mem auto-init: stack:off, heap alloc:off, heap free:off
Jul 10 12:18:55 demo-2 kernel: software IO TLB: area num 16.
Jul 10 12:18:55 demo-2 kernel: Memory: 1175904K/133981876K available (16384K kernel code, 5654K rwdata, 11812K rodata, 3908K init, 7912K bss, 3076400K reserved, 0K cma-reserved)
Jul 10 12:18:55 demo-2 kernel: SLUB: HWalign=64, Order=0-3, MinObjects=0, CPUs=16, Nodes=1
Jul 10 12:18:55 demo-2 kernel: ftrace: allocating 47318 entries in 185 pages
Jul 10 12:18:55 demo-2 kernel: ftrace: allocated 185 pages with 5 groups
Jul 10 12:18:55 demo-2 kernel: Dynamic Preempt: voluntary
Jul 10 12:18:55 demo-2 kernel: rcu: Preemptible hierarchical RCU implementation.
Jul 10 12:18:55 demo-2 kernel: rcu: #011RCU restricting CPUs from NR_CPUS=8192 to nr_cpu_ids=16.
Jul 10 12:18:55 demo-2 kernel: #011Trampoline variant of Tasks RCU enabled.
Jul 10 12:18:55 demo-2 kernel: #011Rude variant of Tasks RCU enabled.
Jul 10 12:18:55 demo-2 kernel: #011Tracing variant of Tasks RCU enabled.
Jul 10 12:18:55 demo-2 kernel: rcu: RCU calculated value of scheduler-enlistment delay is 100 jiffies.
Jul 10 12:18:55 demo-2 kernel: rcu: Adjusting geometry for rcu_fanout_leaf=16, nr_cpu_ids=16
Jul 10 12:18:55 demo-2 kernel: NR_IRQS: 524544, nr_irqs: 2184, preallocated irqs: 16
Jul 10 12:18:55 demo-2 kernel: rcu: srcu_init: Setting srcu_struct sizes based on contention.
Jul 10 12:18:55 demo-2 kernel: kfence: initialized - using 2097152 bytes for 255 objects at 0x(____ptrval____)-0x(____ptrval____)
Jul 10 12:18:55 demo-2 kernel: Console: colour dummy device 80x25
Jul 10 12:18:55 demo-2 kernel: printk: console [tty0] enabled
Jul 10 12:18:55 demo-2 kernel: ACPI: Core revision 20221020
Jul 10 12:18:55 demo-2 kernel: clocksource: hpet: mask: 0xffffffff max_cycles: 0xffffffff, max_idle_ns: 99544814920 ns
Jul 10 12:18:55 demo-2 kernel: APIC: Switch to symmetric I/O mode setup
Jul 10 12:18:55 demo-2 kernel: DMAR: Host address width 39
Jul 10 12:18:55 demo-2 kernel: DMAR: DRHD base: 0x000000fed90000 flags: 0x0
Jul 10 12:18:55 demo-2 kernel: DMAR: dmar0: reg_base_addr fed90000 ver 4:0 cap 1c0000c40660462 ecap 29a00f0505e
Jul 10 12:18:55 demo-2 kernel: DMAR: DRHD base: 0x000000fed91000 flags: 0x1
Jul 10 12:18:55 demo-2 kernel: DMAR: dmar1: reg_base_addr fed91000 ver 5:0 cap d2008c40660462 ecap f050da
Jul 10 12:18:55 demo-2 kernel: DMAR: RMRR base: 0x0000007c000000 end: 0x000000807fffff
Jul 10 12:18:55 demo-2 kernel: DMAR-IR: IOAPIC id 2 under DRHD base  0xfed91000 IOMMU 1
Jul 10 12:18:55 demo-2 kernel: DMAR-IR: HPET id 0 under DRHD base 0xfed91000
Jul 10 12:18:55 demo-2 kernel: DMAR-IR: Queued invalidation will be enabled to support x2apic and Intr-remapping.
Jul 10 12:18:55 demo-2 kernel: DMAR-IR: Enabled IRQ remapping in x2apic mode
Jul 10 12:18:55 demo-2 kernel: x2apic enabled
Jul 10 12:18:55 demo-2 kernel: Switched APIC routing to cluster x2apic.
Jul 10 12:18:55 demo-2 kernel: ..TIMER: vector=0x30 apic1=0 pin1=2 apic2=-1 pin2=-1
Jul 10 12:18:55 demo-2 kernel: clocksource: tsc-early: mask: 0xffffffffffffffff max_cycles: 0x1e71785e5dd, max_idle_ns: 440795244814 ns
Jul 10 12:18:55 demo-2 kernel: Calibrating delay loop (skipped), value calculated using timer frequency.. 4224.00 BogoMIPS (lpj=2112000)
Jul 10 12:18:55 demo-2 kernel: pid_max: default: 32768 minimum: 301
Jul 10 12:18:55 demo-2 kernel: LSM: initializing lsm=lockdown,capability,yama,integrity,bpf
Jul 10 12:18:55 demo-2 kernel: Yama: becoming mindful.
Jul 10 12:18:55 demo-2 kernel: LSM support for eBPF active
Jul 10 12:18:55 demo-2 kernel: Mount-cache hash table entries: 131072 (order: 8, 1048576 bytes, linear)
Jul 10 12:18:55 demo-2 kernel: Mountpoint-cache hash table entries: 131072 (order: 8, 1048576 bytes, linear)
Jul 10 12:18:55 demo-2 kernel: CPU0: Thermal monitoring enabled (TM1)
Jul 10 12:18:55 demo-2 kernel: x86/cpu: User Mode Instruction Prevention (UMIP) activated
Jul 10 12:18:55 demo-2 kernel: process: using mwait in idle threads
Jul 10 12:18:55 demo-2 kernel: Last level iTLB entries: 4KB 0, 2MB 0, 4MB 0
Jul 10 12:18:55 demo-2 kernel: Last level dTLB entries: 4KB 0, 2MB 0, 4MB 0, 1GB 0
Jul 10 12:18:55 demo-2 kernel: Spectre V1 : Mitigation: usercopy/swapgs barriers and __user pointer sanitization
Jul 10 12:18:55 demo-2 kernel: Spectre V2 : Mitigation: Enhanced / Automatic IBRS
Jul 10 12:18:55 demo-2 kernel: Spectre V2 : Spectre v2 / SpectreRSB mitigation: Filling RSB on context switch
Jul 10 12:18:55 demo-2 kernel: Spectre V2 : Spectre v2 / PBRSB-eIBRS: Retire a single CALL on VMEXIT
Jul 10 12:18:55 demo-2 kernel: Spectre V2 : mitigation: Enabling conditional Indirect Branch Prediction Barrier
Jul 10 12:18:55 demo-2 kernel: Speculative Store Bypass: Mitigation: Speculative Store Bypass disabled via prctl
Jul 10 12:18:55 demo-2 kernel: Freeing SMP alternatives memory: 40K
Jul 10 12:18:55 demo-2 kernel: smpboot: CPU0: 12th Gen Intel(R) Core(TM) i7-12700 (family: 0x6, model: 0x97, stepping: 0x2)
Jul 10 12:18:55 demo-2 kernel: cblist_init_generic: Setting adjustable number of callback queues.
Jul 10 12:18:55 demo-2 kernel: cblist_init_generic: Setting shift to 4 and lim to 1.
Jul 10 12:18:55 demo-2 kernel: cblist_init_generic: Setting shift to 4 and lim to 1.
Jul 10 12:18:55 demo-2 kernel: cblist_init_generic: Setting shift to 4 and lim to 1.
Jul 10 12:18:55 demo-2 kernel: Performance Events: XSAVE Architectural LBR, PEBS fmt4+-baseline,  AnyThread deprecated, Alderlake Hybrid events, 32-deep LBR, full-width counters, Intel PMU driver.
Jul 10 12:18:55 demo-2 kernel: core: cpu_core PMU driver: 
Jul 10 12:18:55 demo-2 kernel: ... version:                5
Jul 10 12:18:55 demo-2 kernel: ... bit width:              48
Jul 10 12:18:55 demo-2 kernel: ... generic registers:      8
Jul 10 12:18:55 demo-2 kernel: ... value mask:             0000ffffffffffff
Jul 10 12:18:55 demo-2 kernel: ... max period:             00007fffffffffff
Jul 10 12:18:55 demo-2 kernel: ... fixed-purpose events:   4
Jul 10 12:18:55 demo-2 kernel: ... event mask:             0001000f000000ff
Jul 10 12:18:55 demo-2 kernel: Estimated ratio of average max frequency by base frequency (times 1024): 2291
Jul 10 12:18:55 demo-2 kernel: rcu: Hierarchical SRCU implementation.
Jul 10 12:18:55 demo-2 kernel: rcu: #011Max phase no-delay instances is 400.
Jul 10 12:18:55 demo-2 kernel: printk: console [tty0] printing thread started
Jul 10 12:18:55 demo-2 kernel: NMI watchdog: Enabled. Permanently consumes one hw-PMU counter.
Jul 10 12:18:55 demo-2 kernel: smp: Bringing up secondary CPUs ...
Jul 10 12:18:55 demo-2 kernel: x86: Booting SMP configuration:
Jul 10 12:18:55 demo-2 kernel: .... node  #0, CPUs:        #1  #2  #3  #4  #5  #6  #7  #8  #9 #10 #11 #12 #13 #14 #15
Jul 10 12:18:55 demo-2 kernel: smp: Brought up 1 node, 16 CPUs
Jul 10 12:18:55 demo-2 kernel: smpboot: Max logical packages: 1
Jul 10 12:18:55 demo-2 kernel: smpboot: Total of 16 processors activated (67584.00 BogoMIPS)
Jul 10 12:18:55 demo-2 kernel: node 0 deferred pages initialised in 80ms
Jul 10 12:18:55 demo-2 kernel: devtmpfs: initialized
Jul 10 12:18:55 demo-2 kernel: x86/mm: Memory block size: 2048MB
Jul 10 12:18:55 demo-2 kernel: ACPI: PM: Registering ACPI NVS region [mem 0x746cb000-0x748cafff] (2097152 bytes)
Jul 10 12:18:55 demo-2 kernel: clocksource: jiffies: mask: 0xffffffff max_cycles: 0xffffffff, max_idle_ns: 1911260446275000 ns
Jul 10 12:18:55 demo-2 kernel: futex hash table entries: 4096 (order: 6, 262144 bytes, linear)
Jul 10 12:18:55 demo-2 kernel: pinctrl core: initialized pinctrl subsystem
Jul 10 12:18:55 demo-2 kernel: NET: Registered PF_NETLINK/PF_ROUTE protocol family
Jul 10 12:18:55 demo-2 kernel: DMA: preallocated 4096 KiB GFP_KERNEL pool for atomic allocations
Jul 10 12:18:55 demo-2 kernel: DMA: preallocated 4096 KiB GFP_KERNEL|GFP_DMA pool for atomic allocations
Jul 10 12:18:55 demo-2 kernel: DMA: preallocated 4096 KiB GFP_KERNEL|GFP_DMA32 pool for atomic allocations
Jul 10 12:18:55 demo-2 kernel: audit: initializing netlink subsys (disabled)
Jul 10 12:18:55 demo-2 kernel: audit: type=2000 audit(1752121135.164:1): state=initialized audit_enabled=0 res=1
Jul 10 12:18:55 demo-2 kernel: thermal_sys: Registered thermal governor 'fair_share'
Jul 10 12:18:55 demo-2 kernel: thermal_sys: Registered thermal governor 'step_wise'
Jul 10 12:18:55 demo-2 kernel: thermal_sys: Registered thermal governor 'user_space'
Jul 10 12:18:55 demo-2 kernel: cpuidle: using governor menu
Jul 10 12:18:55 demo-2 kernel: ACPI FADT declares the system doesn't support PCIe ASPM, so disable it
Jul 10 12:18:55 demo-2 kernel: acpiphp: ACPI Hot Plug PCI Controller Driver version: 0.5
Jul 10 12:18:55 demo-2 kernel: PCI: MMCONFIG for domain 0000 [bus 00-ff] at [mem 0xc0000000-0xcfffffff] (base 0xc0000000)
Jul 10 12:18:55 demo-2 kernel: PCI: not using MMCONFIG
Jul 10 12:18:55 demo-2 kernel: PCI: Using configuration type 1 for base access
Jul 10 12:18:55 demo-2 kernel: kprobes: kprobe jump-optimization is enabled. All kprobes are optimized if possible.
Jul 10 12:18:55 demo-2 kernel: HugeTLB: registered 1.00 GiB page size, pre-allocated 0 pages
Jul 10 12:18:55 demo-2 kernel: HugeTLB: 16380 KiB vmemmap can be freed for a 1.00 GiB page
Jul 10 12:18:55 demo-2 kernel: HugeTLB: registered 2.00 MiB page size, pre-allocated 0 pages
Jul 10 12:18:55 demo-2 kernel: HugeTLB: 28 KiB vmemmap can be freed for a 2.00 MiB page
Jul 10 12:18:55 demo-2 kernel: cryptd: max_cpu_qlen set to 1000
Jul 10 12:18:55 demo-2 kernel: ACPI: Added _OSI(Module Device)
Jul 10 12:18:55 demo-2 kernel: ACPI: Added _OSI(Processor Device)
Jul 10 12:18:55 demo-2 kernel: ACPI: Added _OSI(3.0 _SCP Extensions)
Jul 10 12:18:55 demo-2 kernel: ACPI: Added _OSI(Processor Aggregator Device)
Jul 10 12:18:55 demo-2 kernel: ACPI: Added _OSI(Linux-Dell-Video)
Jul 10 12:18:55 demo-2 kernel: ACPI: Added _OSI(Linux-Lenovo-NV-HDMI-Audio)
Jul 10 12:18:55 demo-2 kernel: ACPI: Added _OSI(Linux-HPI-Hybrid-Graphics)
Jul 10 12:18:55 demo-2 kernel: ACPI: 12 ACPI AML tables successfully acquired and loaded
Jul 10 12:18:55 demo-2 kernel: ACPI: Dynamic OEM Table Load:
Jul 10 12:18:55 demo-2 kernel: ACPI: SSDT 0xFFFF9161C17BB200 0001AB (v02 PmRef  Cpu0Psd  00003000 INTL 20200717)
Jul 10 12:18:55 demo-2 kernel: ACPI: \_SB_.PR00: _OSC native thermal LVT Acked
Jul 10 12:18:55 demo-2 kernel: ACPI: Dynamic OEM Table Load:
Jul 10 12:18:55 demo-2 kernel: ACPI: SSDT 0xFFFF9161C175FC00 000394 (v02 PmRef  Cpu0Cst  00003001 INTL 20200717)
Jul 10 12:18:55 demo-2 kernel: ACPI: Dynamic OEM Table Load:
Jul 10 12:18:55 demo-2 kernel: ACPI: SSDT 0xFFFF9161C1751000 0004BB (v02 PmRef  Cpu0Ist  00003000 INTL 20200717)
Jul 10 12:18:55 demo-2 kernel: ACPI: Dynamic OEM Table Load:
Jul 10 12:18:55 demo-2 kernel: ACPI: SSDT 0xFFFF9161C1752800 0004B5 (v02 PmRef  Cpu0Hwp  00003000 INTL 20200717)
Jul 10 12:18:55 demo-2 kernel: ACPI: Dynamic OEM Table Load:
Jul 10 12:18:55 demo-2 kernel: ACPI: SSDT 0xFFFF9161C16A4000 001BAF (v02 PmRef  ApIst    00003000 INTL 20200717)
Jul 10 12:18:55 demo-2 kernel: ACPI: Dynamic OEM Table Load:
Jul 10 12:18:55 demo-2 kernel: ACPI: SSDT 0xFFFF9161C16A2000 001038 (v02 PmRef  ApHwp    00003000 INTL 20200717)
Jul 10 12:18:55 demo-2 kernel: ACPI: Dynamic OEM Table Load:
Jul 10 12:18:55 demo-2 kernel: ACPI: SSDT 0xFFFF9161C1C7E000 001349 (v02 PmRef  ApPsd    00003000 INTL 20200717)
Jul 10 12:18:55 demo-2 kernel: ACPI: Dynamic OEM Table Load:
Jul 10 12:18:55 demo-2 kernel: ACPI: SSDT 0xFFFF9161C174A000 000FBB (v02 PmRef  ApCst    00003000 INTL 20200717)
Jul 10 12:18:55 demo-2 kernel: ACPI: Interpreter enabled
Jul 10 12:18:55 demo-2 kernel: ACPI: PM: (supports S0 S3 S4 S5)
Jul 10 12:18:55 demo-2 kernel: ACPI: Using IOAPIC for interrupt routing
Jul 10 12:18:55 demo-2 kernel: PCI: MMCONFIG for domain 0000 [bus 00-ff] at [mem 0xc0000000-0xcfffffff] (base 0xc0000000)
Jul 10 12:18:55 demo-2 kernel: PCI: MMCONFIG at [mem 0xc0000000-0xcfffffff] reserved as ACPI motherboard resource
Jul 10 12:18:55 demo-2 kernel: PCI: Using host bridge windows from ACPI; if necessary, use "pci=nocrs" and report a bug
Jul 10 12:18:55 demo-2 kernel: PCI: Ignoring E820 reservations for host bridge windows
Jul 10 12:18:55 demo-2 kernel: ACPI: Enabled 6 GPEs in block 00 to 7F
Jul 10 12:18:55 demo-2 kernel: ACPI: \_SB_.PC00.XHCI.RHUB.HS14.BTRT: New power resource
Jul 10 12:18:55 demo-2 kernel: ACPI: \_SB_.PC00.CNVW.WRST: New power resource
Jul 10 12:18:55 demo-2 kernel: ACPI: \_TZ_.FN00: New power resource
Jul 10 12:18:55 demo-2 kernel: ACPI: \_TZ_.FN01: New power resource
Jul 10 12:18:55 demo-2 kernel: ACPI: \_TZ_.FN02: New power resource
Jul 10 12:18:55 demo-2 kernel: ACPI: \_TZ_.FN03: New power resource
Jul 10 12:18:55 demo-2 kernel: ACPI: \_TZ_.FN04: New power resource
Jul 10 12:18:55 demo-2 kernel: ACPI: \PIN_: New power resource
Jul 10 12:18:55 demo-2 kernel: ACPI: PCI Root Bridge [PC00] (domain 0000 [bus 00-fe])
Jul 10 12:18:55 demo-2 kernel: acpi PNP0A08:00: _OSC: OS supports [ExtendedConfig ASPM ClockPM Segments MSI EDR HPX-Type3]
Jul 10 12:18:55 demo-2 kernel: acpi PNP0A08:00: _OSC: OS now controls [PCIeHotplug SHPCHotplug PME AER PCIeCapability LTR DPC]
Jul 10 12:18:55 demo-2 kernel: acpi PNP0A08:00: FADT indicates ASPM is unsupported, using BIOS configuration
Jul 10 12:18:55 demo-2 kernel: PCI host bridge to bus 0000:00
Jul 10 12:18:55 demo-2 kernel: pci_bus 0000:00: root bus resource [io  0x0000-0x0cf7 window]
Jul 10 12:18:55 demo-2 kernel: pci_bus 0000:00: root bus resource [io  0x0d00-0xffff window]
Jul 10 12:18:55 demo-2 kernel: pci_bus 0000:00: root bus resource [mem 0x000a0000-0x000bffff window]
Jul 10 12:18:55 demo-2 kernel: pci_bus 0000:00: root bus resource [mem 0x000e0000-0x000fffff window]
Jul 10 12:18:55 demo-2 kernel: pci_bus 0000:00: root bus resource [mem 0x80800000-0xbfffffff window]
Jul 10 12:18:55 demo-2 kernel: pci_bus 0000:00: root bus resource [mem 0x4000000000-0x7fffffffff window]
Jul 10 12:18:55 demo-2 kernel: pci_bus 0000:00: root bus resource [bus 00-fe]
Jul 10 12:18:55 demo-2 kernel: pci 0000:00:00.0: [8086:4668] type 00 class 0x060000
Jul 10 12:18:55 demo-2 kernel: pci 0000:00:01.0: [8086:460d] type 01 class 0x060400
Jul 10 12:18:55 demo-2 kernel: pci 0000:00:01.0: PME# supported from D0 D3hot D3cold
Jul 10 12:18:55 demo-2 kernel: pci 0000:00:01.0: PTM enabled (root), 4ns granularity
Jul 10 12:18:55 demo-2 kernel: pci 0000:00:02.0: [8086:4680] type 00 class 0x038000
Jul 10 12:18:55 demo-2 kernel: pci 0000:00:02.0: reg 0x10: [mem 0x6404000000-0x6404ffffff 64bit]
Jul 10 12:18:55 demo-2 kernel: pci 0000:00:02.0: reg 0x18: [mem 0x4000000000-0x400fffffff 64bit pref]
Jul 10 12:18:55 demo-2 kernel: pci 0000:00:02.0: reg 0x20: [io  0x5000-0x503f]
Jul 10 12:18:55 demo-2 kernel: pci 0000:00:02.0: DMAR: Skip IOMMU disabling for graphics
Jul 10 12:18:55 demo-2 kernel: pci 0000:00:02.0: reg 0x344: [mem 0x00000000-0x00ffffff 64bit]
Jul 10 12:18:55 demo-2 kernel: pci 0000:00:02.0: VF(n) BAR0 space: [mem 0x00000000-0x06ffffff 64bit] (contains BAR0 for 7 VFs)
Jul 10 12:18:55 demo-2 kernel: pci 0000:00:02.0: reg 0x34c: [mem 0x00000000-0x1fffffff 64bit pref]
Jul 10 12:18:55 demo-2 kernel: pci 0000:00:02.0: VF(n) BAR2 space: [mem 0x00000000-0xdfffffff 64bit pref] (contains BAR2 for 7 VFs)
Jul 10 12:18:55 demo-2 kernel: pci 0000:00:06.0: [8086:464d] type 01 class 0x060400
Jul 10 12:18:55 demo-2 kernel: pci 0000:00:06.0: PME# supported from D0 D3hot D3cold
Jul 10 12:18:55 demo-2 kernel: pci 0000:00:06.0: PTM enabled (root), 4ns granularity
Jul 10 12:18:55 demo-2 kernel: pci 0000:00:08.0: [8086:464f] type 00 class 0x088000
Jul 10 12:18:55 demo-2 kernel: pci 0000:00:08.0: reg 0x10: [mem 0x640512f000-0x640512ffff 64bit]
Jul 10 12:18:55 demo-2 kernel: pci 0000:00:0a.0: [8086:467d] type 00 class 0x118000
Jul 10 12:18:55 demo-2 kernel: pci 0000:00:0a.0: reg 0x10: [mem 0x6405110000-0x6405117fff 64bit]
Jul 10 12:18:55 demo-2 kernel: pci 0000:00:0a.0: enabling Extended Tags
Jul 10 12:18:55 demo-2 kernel: pci 0000:00:14.0: [8086:7a60] type 00 class 0x0c0330
Jul 10 12:18:55 demo-2 kernel: pci 0000:00:14.0: reg 0x10: [mem 0x6405100000-0x640510ffff 64bit]
Jul 10 12:18:55 demo-2 kernel: pci 0000:00:14.0: PME# supported from D3hot D3cold
Jul 10 12:18:55 demo-2 kernel: pci 0000:00:14.2: [8086:7a27] type 00 class 0x050000
Jul 10 12:18:55 demo-2 kernel: pci 0000:00:14.2: reg 0x10: [mem 0x6405128000-0x640512bfff 64bit]
Jul 10 12:18:55 demo-2 kernel: pci 0000:00:14.2: reg 0x18: [mem 0x640512e000-0x640512efff 64bit]
Jul 10 12:18:55 demo-2 kernel: pci 0000:00:14.3: [8086:7a70] type 00 class 0x028000
Jul 10 12:18:55 demo-2 kernel: pci 0000:00:14.3: reg 0x10: [mem 0x6405124000-0x6405127fff 64bit]
Jul 10 12:18:55 demo-2 kernel: pci 0000:00:14.3: PME# supported from D0 D3hot D3cold
Jul 10 12:18:55 demo-2 kernel: pci 0000:00:16.0: [8086:7a68] type 00 class 0x078000
Jul 10 12:18:55 demo-2 kernel: pci 0000:00:16.0: reg 0x10: [mem 0x640512d000-0x640512dfff 64bit]
Jul 10 12:18:55 demo-2 kernel: pci 0000:00:16.0: PME# supported from D3hot
Jul 10 12:18:55 demo-2 kernel: pci 0000:00:17.0: [8086:7a62] type 00 class 0x010601
Jul 10 12:18:55 demo-2 kernel: pci 0000:00:17.0: reg 0x10: [mem 0x82f00000-0x82f01fff]
Jul 10 12:18:55 demo-2 kernel: pci 0000:00:17.0: reg 0x14: [mem 0x82f03000-0x82f030ff]
Jul 10 12:18:55 demo-2 kernel: pci 0000:00:17.0: reg 0x18: [io  0x5090-0x5097]
Jul 10 12:18:55 demo-2 kernel: pci 0000:00:17.0: reg 0x1c: [io  0x5080-0x5083]
Jul 10 12:18:55 demo-2 kernel: pci 0000:00:17.0: reg 0x20: [io  0x5060-0x507f]
Jul 10 12:18:55 demo-2 kernel: pci 0000:00:17.0: reg 0x24: [mem 0x82f02000-0x82f027ff]
Jul 10 12:18:55 demo-2 kernel: pci 0000:00:17.0: PME# supported from D3hot
Jul 10 12:18:55 demo-2 kernel: pci 0000:00:1c.0: [8086:7a38] type 01 class 0x060400
Jul 10 12:18:55 demo-2 kernel: pci 0000:00:1c.2: [8086:7a3a] type 01 class 0x060400
Jul 10 12:18:55 demo-2 kernel: pci 0000:00:1c.2: PME# supported from D0 D3hot D3cold
Jul 10 12:18:55 demo-2 kernel: pci 0000:00:1c.2: PTM enabled (root), 4ns granularity
Jul 10 12:18:55 demo-2 kernel: pci 0000:00:1c.4: [8086:7a3c] type 01 class 0x060400
Jul 10 12:18:55 demo-2 kernel: pci 0000:00:1c.4: PME# supported from D0 D3hot D3cold
Jul 10 12:18:55 demo-2 kernel: pci 0000:00:1c.4: PTM enabled (root), 4ns granularity
Jul 10 12:18:55 demo-2 kernel: pci 0000:00:1f.0: [8086:7a04] type 00 class 0x060100
Jul 10 12:18:55 demo-2 kernel: pci 0000:00:1f.3: [8086:7a50] type 00 class 0x040300
Jul 10 12:18:55 demo-2 kernel: pci 0000:00:1f.3: reg 0x10: [mem 0x6405120000-0x6405123fff 64bit]
Jul 10 12:18:55 demo-2 kernel: pci 0000:00:1f.3: reg 0x20: [mem 0x6405000000-0x64050fffff 64bit]
Jul 10 12:18:55 demo-2 kernel: pci 0000:00:1f.3: PME# supported from D3hot D3cold
Jul 10 12:18:55 demo-2 kernel: pci 0000:00:1f.4: [8086:7a23] type 00 class 0x0c0500
Jul 10 12:18:55 demo-2 kernel: pci 0000:00:1f.4: reg 0x10: [mem 0x640512c000-0x640512c0ff 64bit]
Jul 10 12:18:55 demo-2 kernel: pci 0000:00:1f.4: reg 0x20: [io  0xefa0-0xefbf]
Jul 10 12:18:55 demo-2 kernel: pci 0000:00:1f.5: [8086:7a24] type 00 class 0x0c8000
Jul 10 12:18:55 demo-2 kernel: pci 0000:00:1f.5: reg 0x10: [mem 0xfe010000-0xfe010fff]
Jul 10 12:18:55 demo-2 kernel: pci 0000:01:00.0: [10de:2504] type 00 class 0x030000
Jul 10 12:18:55 demo-2 kernel: pci 0000:01:00.0: reg 0x10: [mem 0x81000000-0x81ffffff]
Jul 10 12:18:55 demo-2 kernel: pci 0000:01:00.0: reg 0x14: [mem 0x6000000000-0x63ffffffff 64bit pref]
Jul 10 12:18:55 demo-2 kernel: pci 0000:01:00.0: reg 0x1c: [mem 0x6400000000-0x6401ffffff 64bit pref]
Jul 10 12:18:55 demo-2 kernel: pci 0000:01:00.0: reg 0x24: [io  0x4000-0x407f]
Jul 10 12:18:55 demo-2 kernel: pci 0000:01:00.0: reg 0x30: [mem 0x82000000-0x8207ffff pref]
Jul 10 12:18:55 demo-2 kernel: pci 0000:01:00.0: BAR 1: assigned to efifb
Jul 10 12:18:55 demo-2 kernel: pci 0000:01:00.0: PME# supported from D0 D3hot
Jul 10 12:18:55 demo-2 kernel: pci 0000:01:00.1: [10de:228e] type 00 class 0x040300
Jul 10 12:18:55 demo-2 kernel: pci 0000:01:00.1: reg 0x10: [mem 0x82080000-0x82083fff]
Jul 10 12:18:55 demo-2 kernel: pci 0000:00:01.0: PCI bridge to [bus 01]
Jul 10 12:18:55 demo-2 kernel: pci 0000:00:01.0:   bridge window [io  0x4000-0x4fff]
Jul 10 12:18:55 demo-2 kernel: pci 0000:00:01.0:   bridge window [mem 0x81000000-0x820fffff]
Jul 10 12:18:55 demo-2 kernel: pci 0000:00:01.0:   bridge window [mem 0x6000000000-0x6401ffffff 64bit pref]
Jul 10 12:18:55 demo-2 kernel: pci 0000:02:00.0: [c0a9:5426] type 00 class 0x010802
Jul 10 12:18:55 demo-2 kernel: pci 0000:02:00.0: reg 0x10: [mem 0x82e00000-0x82e03fff 64bit]
Jul 10 12:18:55 demo-2 kernel: pci 0000:00:06.0: PCI bridge to [bus 02]
Jul 10 12:18:55 demo-2 kernel: pci 0000:00:06.0:   bridge window [mem 0x82e00000-0x82efffff]
Jul 10 12:18:55 demo-2 kernel: pci 0000:00:1c.0: PCI bridge to [bus 03]
Jul 10 12:18:55 demo-2 kernel: pci 0000:00:1c.0:   bridge window [io  0x3000-0x3fff]
Jul 10 12:18:55 demo-2 kernel: pci 0000:00:1c.0:   bridge window [mem 0x82100000-0x82afffff]
Jul 10 12:18:55 demo-2 kernel: pci 0000:00:1c.0:   bridge window [mem 0x6402e00000-0x64037fffff 64bit pref]
Jul 10 12:18:55 demo-2 kernel: pci 0000:04:00.0: [8086:125c] type 00 class 0x020000
Jul 10 12:18:55 demo-2 kernel: pci 0000:04:00.0: reg 0x10: [mem 0x82b00000-0x82bfffff]
Jul 10 12:18:55 demo-2 kernel: pci 0000:04:00.0: reg 0x1c: [mem 0x82c00000-0x82c03fff]
Jul 10 12:18:55 demo-2 kernel: pci 0000:04:00.0: PME# supported from D0 D3hot D3cold
Jul 10 12:18:55 demo-2 kernel: pci 0000:00:1c.2: PCI bridge to [bus 04]
Jul 10 12:18:55 demo-2 kernel: pci 0000:00:1c.2:   bridge window [mem 0x82b00000-0x82cfffff]
Jul 10 12:18:55 demo-2 kernel: pci 0000:05:00.0: [8086:1563] type 00 class 0x020000
Jul 10 12:18:55 demo-2 kernel: pci 0000:05:00.0: reg 0x10: [mem 0x6402800000-0x6402bfffff 64bit pref]
Jul 10 12:18:55 demo-2 kernel: pci 0000:05:00.0: reg 0x20: [mem 0x6402c04000-0x6402c07fff 64bit pref]
Jul 10 12:18:55 demo-2 kernel: pci 0000:05:00.0: reg 0x30: [mem 0x82d80000-0x82dfffff pref]
Jul 10 12:18:55 demo-2 kernel: pci 0000:05:00.0: PME# supported from D0 D3hot
Jul 10 12:18:55 demo-2 kernel: pci 0000:05:00.0: reg 0x184: [mem 0x00000000-0x00003fff 64bit]
Jul 10 12:18:55 demo-2 kernel: pci 0000:05:00.0: VF(n) BAR0 space: [mem 0x00000000-0x000fffff 64bit] (contains BAR0 for 64 VFs)
Jul 10 12:18:55 demo-2 kernel: pci 0000:05:00.0: reg 0x190: [mem 0x00000000-0x00003fff 64bit]
Jul 10 12:18:55 demo-2 kernel: pci 0000:05:00.0: VF(n) BAR3 space: [mem 0x00000000-0x000fffff 64bit] (contains BAR3 for 64 VFs)
Jul 10 12:18:55 demo-2 kernel: pci 0000:05:00.1: [8086:1563] type 00 class 0x020000
Jul 10 12:18:55 demo-2 kernel: pci 0000:05:00.1: reg 0x10: [mem 0x6402400000-0x64027fffff 64bit pref]
Jul 10 12:18:55 demo-2 kernel: pci 0000:05:00.1: reg 0x20: [mem 0x6402c00000-0x6402c03fff 64bit pref]
Jul 10 12:18:55 demo-2 kernel: pci 0000:05:00.1: reg 0x30: [mem 0x82d00000-0x82d7ffff pref]
Jul 10 12:18:55 demo-2 kernel: pci 0000:05:00.1: PME# supported from D0 D3hot
Jul 10 12:18:55 demo-2 kernel: pci 0000:05:00.1: reg 0x184: [mem 0x00000000-0x00003fff 64bit]
Jul 10 12:18:55 demo-2 kernel: pci 0000:05:00.1: VF(n) BAR0 space: [mem 0x00000000-0x000fffff 64bit] (contains BAR0 for 64 VFs)
Jul 10 12:18:55 demo-2 kernel: pci 0000:05:00.1: reg 0x190: [mem 0x00000000-0x00003fff 64bit]
Jul 10 12:18:55 demo-2 kernel: pci 0000:05:00.1: VF(n) BAR3 space: [mem 0x00000000-0x000fffff 64bit] (contains BAR3 for 64 VFs)
Jul 10 12:18:55 demo-2 kernel: pci 0000:00:1c.4: PCI bridge to [bus 05]
Jul 10 12:18:55 demo-2 kernel: pci 0000:00:1c.4:   bridge window [mem 0x82d00000-0x82dfffff]
Jul 10 12:18:55 demo-2 kernel: pci 0000:00:1c.4:   bridge window [mem 0x6402400000-0x6402cfffff 64bit pref]
Jul 10 12:18:55 demo-2 kernel: ACPI: PCI: Interrupt link LNKA configured for IRQ 0
Jul 10 12:18:55 demo-2 kernel: ACPI: PCI: Interrupt link LNKB configured for IRQ 1
Jul 10 12:18:55 demo-2 kernel: ACPI: PCI: Interrupt link LNKC configured for IRQ 0
Jul 10 12:18:55 demo-2 kernel: ACPI: PCI: Interrupt link LNKD configured for IRQ 0
Jul 10 12:18:55 demo-2 kernel: ACPI: PCI: Interrupt link LNKE configured for IRQ 0
Jul 10 12:18:55 demo-2 kernel: ACPI: PCI: Interrupt link LNKF configured for IRQ 0
Jul 10 12:18:55 demo-2 kernel: ACPI: PCI: Interrupt link LNKG configured for IRQ 0
Jul 10 12:18:55 demo-2 kernel: ACPI: PCI: Interrupt link LNKH configured for IRQ 0
Jul 10 12:18:55 demo-2 kernel: iommu: Default domain type: Translated
Jul 10 12:18:55 demo-2 kernel: iommu: DMA domain TLB invalidation policy: lazy mode
Jul 10 12:18:55 demo-2 kernel: SCSI subsystem initialized
Jul 10 12:18:55 demo-2 kernel: ACPI: bus type USB registered
Jul 10 12:18:55 demo-2 kernel: usbcore: registered new interface driver usbfs
Jul 10 12:18:55 demo-2 kernel: usbcore: registered new interface driver hub
Jul 10 12:18:55 demo-2 kernel: usbcore: registered new device driver usb
Jul 10 12:18:55 demo-2 kernel: pps_core: LinuxPPS API ver. 1 registered
Jul 10 12:18:55 demo-2 kernel: pps_core: Software ver. 5.3.6 - Copyright 2005-2007 Rodolfo Giometti <giometti@linux.it>
Jul 10 12:18:55 demo-2 kernel: PTP clock support registered
Jul 10 12:18:55 demo-2 kernel: EDAC MC: Ver: 3.0.0
Jul 10 12:18:55 demo-2 kernel: Registered efivars operations
Jul 10 12:18:55 demo-2 kernel: NetLabel: Initializing
Jul 10 12:18:55 demo-2 kernel: NetLabel:  domain hash size = 128
Jul 10 12:18:55 demo-2 kernel: NetLabel:  protocols = UNLABELED CIPSOv4 CALIPSO
Jul 10 12:18:55 demo-2 kernel: NetLabel:  unlabeled traffic allowed by default
Jul 10 12:18:55 demo-2 kernel: PCI: Using ACPI for IRQ routing
Jul 10 12:18:55 demo-2 kernel: pci 0000:00:1f.5: can't claim BAR 0 [mem 0xfe010000-0xfe010fff]: no compatible bridge window
Jul 10 12:18:55 demo-2 kernel: pci 0000:01:00.0: vgaarb: setting as boot VGA device
Jul 10 12:18:55 demo-2 kernel: pci 0000:01:00.0: vgaarb: bridge control possible
Jul 10 12:18:55 demo-2 kernel: pci 0000:01:00.0: vgaarb: VGA device added: decodes=io+mem,owns=none,locks=none
Jul 10 12:18:55 demo-2 kernel: vgaarb: loaded
Jul 10 12:18:55 demo-2 kernel: hpet0: at MMIO 0xfed00000, IRQs 2, 8, 0, 0, 0, 0, 0, 0
Jul 10 12:18:55 demo-2 kernel: hpet0: 8 comparators, 64-bit 19.200000 MHz counter
Jul 10 12:18:55 demo-2 kernel: clocksource: Switched to clocksource tsc-early
Jul 10 12:18:55 demo-2 kernel: VFS: Disk quotas dquot_6.6.0
Jul 10 12:18:55 demo-2 kernel: VFS: Dquot-cache hash table entries: 512 (order 0, 4096 bytes)
Jul 10 12:18:55 demo-2 kernel: pnp: PnP ACPI init
Jul 10 12:18:55 demo-2 kernel: system 00:00: [io  0x0a00-0x0a0f] has been reserved
Jul 10 12:18:55 demo-2 kernel: system 00:00: [io  0x0a10-0x0a1f] has been reserved
Jul 10 12:18:55 demo-2 kernel: system 00:00: [io  0x0a20-0x0a2f] has been reserved
Jul 10 12:18:55 demo-2 kernel: system 00:01: [io  0x0680-0x069f] has been reserved
Jul 10 12:18:55 demo-2 kernel: system 00:01: [io  0x164e-0x164f] has been reserved
Jul 10 12:18:55 demo-2 kernel: system 00:02: [io  0x1854-0x1857] has been reserved
Jul 10 12:18:55 demo-2 kernel: pnp 00:03: disabling [mem 0xc0000000-0xcfffffff] because it overlaps 0000:00:02.0 BAR 9 [mem 0x00000000-0xdfffffff 64bit pref]
Jul 10 12:18:55 demo-2 kernel: system 00:03: [mem 0xfedc0000-0xfedc7fff] has been reserved
Jul 10 12:18:55 demo-2 kernel: system 00:03: [mem 0xfeda0000-0xfeda0fff] has been reserved
Jul 10 12:18:55 demo-2 kernel: system 00:03: [mem 0xfeda1000-0xfeda1fff] has been reserved
Jul 10 12:18:55 demo-2 kernel: system 00:03: [mem 0xfed20000-0xfed7ffff] could not be reserved
Jul 10 12:18:55 demo-2 kernel: system 00:03: [mem 0xfed90000-0xfed93fff] could not be reserved
Jul 10 12:18:55 demo-2 kernel: system 00:03: [mem 0xfed45000-0xfed8ffff] could not be reserved
Jul 10 12:18:55 demo-2 kernel: system 00:03: [mem 0xfee00000-0xfeefffff] could not be reserved
Jul 10 12:18:55 demo-2 kernel: system 00:04: [io  0x2000-0x20fe] has been reserved
Jul 10 12:18:55 demo-2 kernel: pnp: PnP ACPI: found 6 devices
Jul 10 12:18:55 demo-2 kernel: clocksource: acpi_pm: mask: 0xffffff max_cycles: 0xffffff, max_idle_ns: 2085701024 ns
Jul 10 12:18:55 demo-2 kernel: NET: Registered PF_INET protocol family
Jul 10 12:18:55 demo-2 kernel: IP idents hash table entries: 262144 (order: 9, 2097152 bytes, linear)
Jul 10 12:18:55 demo-2 kernel: tcp_listen_portaddr_hash hash table entries: 65536 (order: 8, 1048576 bytes, linear)
Jul 10 12:18:55 demo-2 kernel: Table-perturb hash table entries: 65536 (order: 6, 262144 bytes, linear)
Jul 10 12:18:55 demo-2 kernel: TCP established hash table entries: 524288 (order: 10, 4194304 bytes, linear)
Jul 10 12:18:55 demo-2 kernel: TCP bind hash table entries: 65536 (order: 8, 1048576 bytes, linear)
Jul 10 12:18:55 demo-2 kernel: TCP: Hash tables configured (established 524288 bind 65536)
Jul 10 12:18:55 demo-2 kernel: MPTCP token hash table entries: 65536 (order: 8, 1572864 bytes, linear)
Jul 10 12:18:55 demo-2 kernel: UDP hash table entries: 65536 (order: 9, 2097152 bytes, linear)
Jul 10 12:18:55 demo-2 kernel: UDP-Lite hash table entries: 65536 (order: 9, 2097152 bytes, linear)
Jul 10 12:18:55 demo-2 kernel: NET: Registered PF_UNIX/PF_LOCAL protocol family
Jul 10 12:18:55 demo-2 kernel: NET: Registered PF_XDP protocol family
Jul 10 12:18:55 demo-2 kernel: pci 0000:00:02.0: BAR 9: assigned [mem 0x4020000000-0x40ffffffff 64bit pref]
Jul 10 12:18:55 demo-2 kernel: pci 0000:00:02.0: BAR 7: assigned [mem 0x4010000000-0x4016ffffff 64bit]
Jul 10 12:18:55 demo-2 kernel: pci 0000:00:1f.5: BAR 0: assigned [mem 0x80800000-0x80800fff]
Jul 10 12:18:55 demo-2 kernel: pci 0000:00:01.0: PCI bridge to [bus 01]
Jul 10 12:18:55 demo-2 kernel: pci 0000:00:01.0:   bridge window [io  0x4000-0x4fff]
Jul 10 12:18:55 demo-2 kernel: pci 0000:00:01.0:   bridge window [mem 0x81000000-0x820fffff]
Jul 10 12:18:55 demo-2 kernel: pci 0000:00:01.0:   bridge window [mem 0x6000000000-0x6401ffffff 64bit pref]
Jul 10 12:18:55 demo-2 kernel: pci 0000:00:06.0: PCI bridge to [bus 02]
Jul 10 12:18:55 demo-2 kernel: pci 0000:00:06.0:   bridge window [mem 0x82e00000-0x82efffff]
Jul 10 12:18:55 demo-2 kernel: pci 0000:00:1c.0: PCI bridge to [bus 03]
Jul 10 12:18:55 demo-2 kernel: pci 0000:00:1c.0:   bridge window [io  0x3000-0x3fff]
Jul 10 12:18:55 demo-2 kernel: pci 0000:00:1c.0:   bridge window [mem 0x82100000-0x82afffff]
Jul 10 12:18:55 demo-2 kernel: pci 0000:00:1c.0:   bridge window [mem 0x6402e00000-0x64037fffff 64bit pref]
Jul 10 12:18:55 demo-2 kernel: pci 0000:00:1c.2: PCI bridge to [bus 04]
Jul 10 12:18:55 demo-2 kernel: pci 0000:00:1c.2:   bridge window [mem 0x82b00000-0x82cfffff]
Jul 10 12:18:55 demo-2 kernel: pci 0000:05:00.0: BAR 7: no space for [mem size 0x00100000 64bit]
Jul 10 12:18:55 demo-2 kernel: pci 0000:05:00.0: BAR 7: failed to assign [mem size 0x00100000 64bit]
Jul 10 12:18:55 demo-2 kernel: pci 0000:05:00.0: BAR 10: no space for [mem size 0x00100000 64bit]
Jul 10 12:18:55 demo-2 kernel: pci 0000:05:00.0: BAR 10: failed to assign [mem size 0x00100000 64bit]
Jul 10 12:18:55 demo-2 kernel: pci 0000:05:00.1: BAR 7: no space for [mem size 0x00100000 64bit]
Jul 10 12:18:55 demo-2 kernel: pci 0000:05:00.1: BAR 7: failed to assign [mem size 0x00100000 64bit]
Jul 10 12:18:55 demo-2 kernel: pci 0000:05:00.1: BAR 10: no space for [mem size 0x00100000 64bit]
Jul 10 12:18:55 demo-2 kernel: pci 0000:05:00.1: BAR 10: failed to assign [mem size 0x00100000 64bit]
Jul 10 12:18:55 demo-2 kernel: pci 0000:00:1c.4: PCI bridge to [bus 05]
Jul 10 12:18:55 demo-2 kernel: pci 0000:00:1c.4:   bridge window [mem 0x82d00000-0x82dfffff]
Jul 10 12:18:55 demo-2 kernel: pci 0000:00:1c.4:   bridge window [mem 0x6402400000-0x6402cfffff 64bit pref]
Jul 10 12:18:55 demo-2 kernel: pci_bus 0000:00: Some PCI device resources are unassigned, try booting with pci=realloc
Jul 10 12:18:55 demo-2 kernel: pci_bus 0000:00: resource 4 [io  0x0000-0x0cf7 window]
Jul 10 12:18:55 demo-2 kernel: pci_bus 0000:00: resource 5 [io  0x0d00-0xffff window]
Jul 10 12:18:55 demo-2 kernel: pci_bus 0000:00: resource 6 [mem 0x000a0000-0x000bffff window]
Jul 10 12:18:55 demo-2 kernel: pci_bus 0000:00: resource 7 [mem 0x000e0000-0x000fffff window]
Jul 10 12:18:55 demo-2 kernel: pci_bus 0000:00: resource 8 [mem 0x80800000-0xbfffffff window]
Jul 10 12:18:55 demo-2 kernel: pci_bus 0000:00: resource 9 [mem 0x4000000000-0x7fffffffff window]
Jul 10 12:18:55 demo-2 kernel: pci_bus 0000:01: resource 0 [io  0x4000-0x4fff]
Jul 10 12:18:55 demo-2 kernel: pci_bus 0000:01: resource 1 [mem 0x81000000-0x820fffff]
Jul 10 12:18:55 demo-2 kernel: pci_bus 0000:01: resource 2 [mem 0x6000000000-0x6401ffffff 64bit pref]
Jul 10 12:18:55 demo-2 kernel: pci_bus 0000:02: resource 1 [mem 0x82e00000-0x82efffff]
Jul 10 12:18:55 demo-2 kernel: pci_bus 0000:03: resource 0 [io  0x3000-0x3fff]
Jul 10 12:18:55 demo-2 kernel: pci_bus 0000:03: resource 1 [mem 0x82100000-0x82afffff]
Jul 10 12:18:55 demo-2 kernel: pci_bus 0000:03: resource 2 [mem 0x6402e00000-0x64037fffff 64bit pref]
Jul 10 12:18:55 demo-2 kernel: pci_bus 0000:04: resource 1 [mem 0x82b00000-0x82cfffff]
Jul 10 12:18:55 demo-2 kernel: pci_bus 0000:05: resource 1 [mem 0x82d00000-0x82dfffff]
Jul 10 12:18:55 demo-2 kernel: pci_bus 0000:05: resource 2 [mem 0x6402400000-0x6402cfffff 64bit pref]
Jul 10 12:18:55 demo-2 kernel: pci 0000:01:00.1: extending delay after power-on from D3hot to 20 msec
Jul 10 12:18:55 demo-2 kernel: pci 0000:01:00.1: D0 power state depends on 0000:01:00.0
Jul 10 12:18:55 demo-2 kernel: PCI: CLS 64 bytes, default 64
Jul 10 12:18:55 demo-2 kernel: PCI-DMA: Using software bounce buffering for IO (SWIOTLB)
Jul 10 12:18:55 demo-2 kernel: software IO TLB: mapped [mem 0x000000005d580000-0x0000000061580000] (64MB)
Jul 10 12:18:55 demo-2 kernel: ACPI: bus type thunderbolt registered
Jul 10 12:18:55 demo-2 kernel: clocksource: tsc: mask: 0xffffffffffffffff max_cycles: 0x1e71785e5dd, max_idle_ns: 440795244814 ns
Jul 10 12:18:55 demo-2 kernel: clocksource: Switched to clocksource tsc
Jul 10 12:18:55 demo-2 kernel: Trying to unpack rootfs image as initramfs...
Jul 10 12:18:55 demo-2 kernel: platform rtc_cmos: registered platform RTC device (no PNP device found)
Jul 10 12:18:55 demo-2 kernel: Initialise system trusted keyrings
Jul 10 12:18:55 demo-2 kernel: Key type blacklist registered
Jul 10 12:18:55 demo-2 kernel: workingset: timestamp_bits=36 max_order=25 bucket_order=0
Jul 10 12:18:55 demo-2 kernel: zbud: loaded
Jul 10 12:18:55 demo-2 kernel: integrity: Platform Keyring initialized
Jul 10 12:18:55 demo-2 kernel: integrity: Machine keyring initialized
Jul 10 12:18:55 demo-2 kernel: NET: Registered PF_ALG protocol family
Jul 10 12:18:55 demo-2 kernel: xor: automatically using best checksumming function   avx       
Jul 10 12:18:55 demo-2 kernel: Key type asymmetric registered
Jul 10 12:18:55 demo-2 kernel: Asymmetric key parser 'x509' registered
Jul 10 12:18:55 demo-2 kernel: Running certificate verification selftests
Jul 10 12:18:55 demo-2 kernel: Loaded X.509 cert 'Certificate verification self-testing key: f58703bb33ce1b73ee02eccdee5b8817518fe3db'
Jul 10 12:18:55 demo-2 kernel: Block layer SCSI generic (bsg) driver version 0.4 loaded (major 246)
Jul 10 12:18:55 demo-2 kernel: io scheduler mq-deadline registered
Jul 10 12:18:55 demo-2 kernel: io scheduler kyber registered
Jul 10 12:18:55 demo-2 kernel: io scheduler bfq registered
Jul 10 12:18:55 demo-2 kernel: atomic64_test: passed for x86-64 platform with CX8 and with SSE
Jul 10 12:18:55 demo-2 kernel: pcieport 0000:00:01.0: PME: Signaling with IRQ 122
Jul 10 12:18:55 demo-2 kernel: pcieport 0000:00:06.0: PME: Signaling with IRQ 123
Jul 10 12:18:55 demo-2 kernel: pcieport 0000:00:1c.0: PME: Signaling with IRQ 124
Jul 10 12:18:55 demo-2 kernel: pcieport 0000:00:1c.0: pciehp: Slot #0 AttnBtn- PwrCtrl- MRL- AttnInd- PwrInd- HotPlug+ Surprise+ Interlock- NoCompl+ IbPresDis- LLActRep+
Jul 10 12:18:55 demo-2 kernel: pcieport 0000:00:1c.2: PME: Signaling with IRQ 125
Jul 10 12:18:55 demo-2 kernel: pcieport 0000:00:1c.4: PME: Signaling with IRQ 126
Jul 10 12:18:55 demo-2 kernel: shpchp: Standard Hot Plug PCI Controller Driver version: 0.4
Jul 10 12:18:55 demo-2 kernel: input: Sleep Button as /devices/LNXSYSTM:00/LNXSYBUS:00/PNP0C0E:00/input/input0
Jul 10 12:18:55 demo-2 kernel: ACPI: button: Sleep Button [SLPB]
Jul 10 12:18:55 demo-2 kernel: input: Power Button as /devices/LNXSYSTM:00/LNXSYBUS:00/PNP0C0C:00/input/input1
Jul 10 12:18:55 demo-2 kernel: ACPI: button: Power Button [PWRB]
Jul 10 12:18:55 demo-2 kernel: input: Power Button as /devices/LNXSYSTM:00/LNXPWRBN:00/input/input2
Jul 10 12:18:55 demo-2 kernel: ACPI: button: Power Button [PWRF]
Jul 10 12:18:55 demo-2 kernel: thermal LNXTHERM:00: registered as thermal_zone0
Jul 10 12:18:55 demo-2 kernel: ACPI: thermal: Thermal Zone [TZ00] (28 C)
Jul 10 12:18:55 demo-2 kernel: Serial: 8250/16550 driver, 4 ports, IRQ sharing enabled
Jul 10 12:18:55 demo-2 kernel: serial8250: ttyS0 at I/O 0x3f8 (irq = 4, base_baud = 115200) is a 16550A
Jul 10 12:18:55 demo-2 kernel: Non-volatile memory driver v1.3
Jul 10 12:18:55 demo-2 kernel: rdac: device handler registered
Jul 10 12:18:55 demo-2 kernel: hp_sw: device handler registered
Jul 10 12:18:55 demo-2 kernel: emc: device handler registered
Jul 10 12:18:55 demo-2 kernel: alua: device handler registered
Jul 10 12:18:55 demo-2 kernel: xhci_hcd 0000:00:14.0: xHCI Host Controller
Jul 10 12:18:55 demo-2 kernel: xhci_hcd 0000:00:14.0: new USB bus registered, assigned bus number 1
Jul 10 12:18:55 demo-2 kernel: xhci_hcd 0000:00:14.0: hcc params 0x20007fc1 hci version 0x120 quirks 0x0000000200009810
Jul 10 12:18:55 demo-2 kernel: xhci_hcd 0000:00:14.0: xHCI Host Controller
Jul 10 12:18:55 demo-2 kernel: xhci_hcd 0000:00:14.0: new USB bus registered, assigned bus number 2
Jul 10 12:18:55 demo-2 kernel: xhci_hcd 0000:00:14.0: Host supports USB 3.2 Enhanced SuperSpeed
Jul 10 12:18:55 demo-2 kernel: usb usb1: New USB device found, idVendor=1d6b, idProduct=0002, bcdDevice= 5.14
Jul 10 12:18:55 demo-2 kernel: usb usb1: New USB device strings: Mfr=3, Product=2, SerialNumber=1
Jul 10 12:18:55 demo-2 kernel: usb usb1: Product: xHCI Host Controller
Jul 10 12:18:55 demo-2 kernel: usb usb1: Manufacturer: Linux 5.14.0-427.33.1.vz9.72.5 xhci-hcd
Jul 10 12:18:55 demo-2 kernel: usb usb1: SerialNumber: 0000:00:14.0
Jul 10 12:18:55 demo-2 kernel: hub 1-0:1.0: USB hub found
Jul 10 12:18:55 demo-2 kernel: hub 1-0:1.0: 16 ports detected
Jul 10 12:18:55 demo-2 kernel: usb usb2: New USB device found, idVendor=1d6b, idProduct=0003, bcdDevice= 5.14
Jul 10 12:18:55 demo-2 kernel: usb usb2: New USB device strings: Mfr=3, Product=2, SerialNumber=1
Jul 10 12:18:55 demo-2 kernel: usb usb2: Product: xHCI Host Controller
Jul 10 12:18:55 demo-2 kernel: usb usb2: Manufacturer: Linux 5.14.0-427.33.1.vz9.72.5 xhci-hcd
Jul 10 12:18:55 demo-2 kernel: usb usb2: SerialNumber: 0000:00:14.0
Jul 10 12:18:55 demo-2 kernel: hub 2-0:1.0: USB hub found
Jul 10 12:18:55 demo-2 kernel: hub 2-0:1.0: 9 ports detected
Jul 10 12:18:55 demo-2 kernel: usbcore: registered new interface driver usbserial_generic
Jul 10 12:18:55 demo-2 kernel: usbserial: USB Serial support registered for generic
Jul 10 12:18:55 demo-2 kernel: i8042: PNP: No PS/2 controller found.
Jul 10 12:18:55 demo-2 kernel: mousedev: PS/2 mouse device common for all mice
Jul 10 12:18:55 demo-2 kernel: rtc_cmos rtc_cmos: RTC can wake from S4
Jul 10 12:18:55 demo-2 kernel: rtc_cmos rtc_cmos: registered as rtc0
Jul 10 12:18:55 demo-2 kernel: rtc_cmos rtc_cmos: setting system clock to 2025-07-10T04:18:55 UTC (1752121135)
Jul 10 12:18:55 demo-2 kernel: rtc_cmos rtc_cmos: alarms up to one month, y3k, 114 bytes nvram
Jul 10 12:18:55 demo-2 kernel: intel_pstate: Intel P-state driver initializing
Jul 10 12:18:55 demo-2 kernel: intel_pstate: HWP enabled
Jul 10 12:18:55 demo-2 kernel: efifb: probing for efifb
Jul 10 12:18:55 demo-2 kernel: efifb: framebuffer at 0x6000000000, using 3072k, total 3072k
Jul 10 12:18:55 demo-2 kernel: efifb: mode is 1024x768x32, linelength=4096, pages=1
Jul 10 12:18:55 demo-2 kernel: efifb: scrolling: redraw
Jul 10 12:18:55 demo-2 kernel: efifb: Truecolor: size=8:8:8:8, shift=24:16:8:0
Jul 10 12:18:55 demo-2 kernel: Console: switching to colour frame buffer device 128x48
Jul 10 12:18:55 demo-2 kernel: fb0: EFI VGA frame buffer device
Jul 10 12:18:55 demo-2 kernel: EFI Variables Facility v0.08 2004-May-17
Jul 10 12:18:55 demo-2 kernel: hid: raw HID events driver (C) Jiri Kosina
Jul 10 12:18:55 demo-2 kernel: usbcore: registered new interface driver usbhid
Jul 10 12:18:55 demo-2 kernel: usbhid: USB HID core driver
Jul 10 12:18:55 demo-2 kernel: drop_monitor: Initializing network drop monitor service
Jul 10 12:18:55 demo-2 kernel: Initializing XFRM netlink socket
Jul 10 12:18:55 demo-2 kernel: NET: Registered PF_INET6 protocol family
Jul 10 12:18:55 demo-2 kernel: Freeing initrd memory: 37168K
Jul 10 12:18:55 demo-2 kernel: usb 1-2: new full-speed USB device number 2 using xhci_hcd
Jul 10 12:18:55 demo-2 kernel: Segment Routing with IPv6
Jul 10 12:18:55 demo-2 kernel: NET: Registered PF_PACKET protocol family
Jul 10 12:18:55 demo-2 kernel: mpls_gso: MPLS GSO support
Jul 10 12:18:55 demo-2 kernel: microcode: Microcode Update Driver: v2.2.
Jul 10 12:18:55 demo-2 kernel: IPI shorthand broadcast: enabled
Jul 10 12:18:55 demo-2 kernel: AVX2 version of gcm_enc/dec engaged.
Jul 10 12:18:55 demo-2 kernel: AES CTR mode by8 optimization enabled
Jul 10 12:18:55 demo-2 kernel: sched_clock: Marking stable (668868195, 4667584)->(684270859, -10735080)
Jul 10 12:18:55 demo-2 kernel: registered taskstats version 1
Jul 10 12:18:55 demo-2 kernel: Loading compiled-in X.509 certificates
Jul 10 12:18:55 demo-2 kernel: Loaded X.509 cert 'The CentOS Project: CentOS Stream kernel signing key: 28ff5a2ea5eea9995c739d74a18de09e258b1302'
Jul 10 12:18:55 demo-2 kernel: Loaded X.509 cert 'Virtuozzo kernel - signing key for Kpatch modules: e2dc29b9f4b1a69d1ba2fbe3ef233ae72f4dee09'
Jul 10 12:18:55 demo-2 kernel: zswap: loaded using pool lzo/zbud
Jul 10 12:18:55 demo-2 kernel: page_owner is disabled
Jul 10 12:18:55 demo-2 kernel: Key type big_key registered
Jul 10 12:18:55 demo-2 kernel: Key type trusted registered
Jul 10 12:18:55 demo-2 kernel: Key type encrypted registered
Jul 10 12:18:55 demo-2 kernel: integrity: Loading X.509 certificate: UEFI:db
Jul 10 12:18:55 demo-2 kernel: integrity: Loaded X.509 cert 'Microsoft Windows Production PCA 2011: a92902398e16c49778cd90f99e4f9ae17c55af53'
Jul 10 12:18:55 demo-2 kernel: integrity: Loading X.509 certificate: UEFI:db
Jul 10 12:18:55 demo-2 kernel: integrity: Loaded X.509 cert 'Microsoft Corporation UEFI CA 2011: 13adbf4309bd82709c8cd54f316ed522988a1bd4'
Jul 10 12:18:55 demo-2 kernel: integrity: Loading X.509 certificate: UEFI:MokListRT (MOKvar table)
Jul 10 12:18:55 demo-2 kernel: integrity: Loaded X.509 cert 'Red Hat Secure Boot CA 5: cc6fa5e72868ba494e939bbd680b9144769a9f8f'
Jul 10 12:18:55 demo-2 kernel: Loading compiled-in module X.509 certificates
Jul 10 12:18:55 demo-2 kernel: Loaded X.509 cert 'The CentOS Project: CentOS Stream kernel signing key: 28ff5a2ea5eea9995c739d74a18de09e258b1302'
Jul 10 12:18:55 demo-2 kernel: ima: Allocated hash algorithm: sha256
Jul 10 12:18:55 demo-2 kernel: ima: No architecture policies found
Jul 10 12:18:55 demo-2 kernel: evm: Initialising EVM extended attributes:
Jul 10 12:18:55 demo-2 kernel: evm: security.selinux
Jul 10 12:18:55 demo-2 kernel: evm: security.SMACK64 (disabled)
Jul 10 12:18:55 demo-2 kernel: evm: security.SMACK64EXEC (disabled)
Jul 10 12:18:55 demo-2 kernel: evm: security.SMACK64TRANSMUTE (disabled)
Jul 10 12:18:55 demo-2 kernel: evm: security.SMACK64MMAP (disabled)
Jul 10 12:18:55 demo-2 kernel: evm: security.apparmor (disabled)
Jul 10 12:18:55 demo-2 kernel: evm: security.ima
Jul 10 12:18:55 demo-2 kernel: evm: security.capability
Jul 10 12:18:55 demo-2 kernel: evm: HMAC attrs: 0x1
Jul 10 12:18:55 demo-2 kernel: Freeing unused decrypted memory: 2028K
Jul 10 12:18:55 demo-2 kernel: Freeing unused kernel image (initmem) memory: 3908K
Jul 10 12:18:55 demo-2 kernel: usb 1-2: New USB device found, idVendor=1462, idProduct=7e06, bcdDevice= 0.01
Jul 10 12:18:55 demo-2 kernel: usb 1-2: New USB device strings: Mfr=1, Product=2, SerialNumber=3
Jul 10 12:18:55 demo-2 kernel: usb 1-2: Product: MYSTIC LIGHT 
Jul 10 12:18:55 demo-2 kernel: usb 1-2: Manufacturer: MSI
Jul 10 12:18:55 demo-2 kernel: usb 1-2: SerialNumber: 7E0624101707
Jul 10 12:18:55 demo-2 kernel: input: MSI MYSTIC LIGHT  as /devices/pci0000:00/0000:00:14.0/usb1/1-2/1-2:1.0/0003:1462:7E06.0001/input/input3
Jul 10 12:18:55 demo-2 kernel: hid-generic 0003:1462:7E06.0001: input,hiddev96,hidraw0: USB HID v1.10 Device [MSI MYSTIC LIGHT ] on usb-0000:00:14.0-2/input0
Jul 10 12:18:55 demo-2 kernel: Write protecting the kernel read-only data: 28672k
Jul 10 12:18:55 demo-2 kernel: Freeing unused kernel image (rodata/data gap) memory: 476K
Jul 10 12:18:55 demo-2 kernel: x86/mm: Checked W+X mappings: passed, no W+X pages found.
Jul 10 12:18:55 demo-2 kernel: Run /init as init process
Jul 10 12:18:55 demo-2 systemd: systemd 252-32.vl9.2 running in system mode (+PAM +AUDIT +SELINUX -APPARMOR +IMA +SMACK +SECCOMP +GCRYPT +GNUTLS +OPENSSL +ACL +BLKID +CURL +ELFUTILS -FIDO2 +IDN2 -IDN -IPTC +KMOD +LIBCRYPTSETUP +LIBFDISK +PCRE2 -PWQUALITY +P11KIT -QRENCODE +TPM2 +BZIP2 +LZ4 +XZ +ZLIB +ZSTD -BPF_FRAMEWORK +XKBCOMMON +UTMP +SYSVINIT default-hierarchy=unified)
Jul 10 12:18:55 demo-2 systemd: Detected architecture x86-64.
Jul 10 12:18:55 demo-2 systemd: Running in initrd.
Jul 10 12:18:55 demo-2 systemd: Hostname set to <demo-2>.
Jul 10 12:18:55 demo-2 systemd: Queued start job for default target Initrd Default Target.
Jul 10 12:18:55 demo-2 systemd: Created slice Slice /system/systemd-hibernate-resume.
Jul 10 12:18:55 demo-2 systemd: Started Dispatch Password Requests to Console Directory Watch.
Jul 10 12:18:55 demo-2 systemd: Reached target Initrd /usr File System.
Jul 10 12:18:55 demo-2 systemd: Reached target Path Units.
Jul 10 12:18:55 demo-2 systemd: Reached target Slice Units.
Jul 10 12:18:55 demo-2 systemd: Reached target Swaps.
Jul 10 12:18:55 demo-2 systemd: Reached target Timer Units.
Jul 10 12:18:55 demo-2 systemd: Listening on D-Bus System Message Bus Socket.
Jul 10 12:18:55 demo-2 systemd: Listening on Journal Socket (/dev/log).
Jul 10 12:18:55 demo-2 systemd: Listening on Journal Socket.
Jul 10 12:18:55 demo-2 systemd: Listening on udev Control Socket.
Jul 10 12:18:55 demo-2 systemd: Listening on udev Kernel Socket.
Jul 10 12:18:55 demo-2 systemd: Reached target Socket Units.
Jul 10 12:18:55 demo-2 systemd: Starting Create List of Static Device Nodes...
Jul 10 12:18:55 demo-2 systemd: Starting Journal Service...
Jul 10 12:18:55 demo-2 systemd: Starting Load Kernel Modules...
Jul 10 12:18:55 demo-2 systemd: Starting Create System Users...
Jul 10 12:18:55 demo-2 systemd: Starting Setup Virtual Console...
Jul 10 12:18:55 demo-2 systemd: Finished Create List of Static Device Nodes.
Jul 10 12:18:55 demo-2 systemd: Finished Create System Users.
Jul 10 12:18:55 demo-2 systemd: Starting Create Static Device Nodes in /dev...
Jul 10 12:18:55 demo-2 systemd: Finished Create Static Device Nodes in /dev.
Jul 10 12:18:55 demo-2 kernel: fuse: init (API version 7.36)
Jul 10 12:18:55 demo-2 systemd-journald[360]: Journal started
Jul 10 12:18:55 demo-2 systemd-journald[360]: Runtime Journal (/run/log/journal/a2dc3ab2b823eccf64d63310d9ef00c7) is 8.0M, max 2.5G, 2.4G free.
Jul 10 12:18:55 demo-2 systemd-modules-load[361]: Module 'msr' is built in
Jul 10 12:18:55 demo-2 systemd-sysusers[362]: Creating group 'nobody' with GID 65534.
Jul 10 12:18:55 demo-2 systemd-sysusers[362]: Creating group 'users' with GID 100.
Jul 10 12:18:55 demo-2 systemd-sysusers[362]: Creating group 'dbus' with GID 81.
Jul 10 12:18:55 demo-2 systemd-sysusers[362]: Creating user 'dbus' (System Message Bus) with UID 81 and GID 81.
Jul 10 12:18:55 demo-2 systemd[1]: Starting Create Volatile Files and Directories...
Jul 10 12:18:55 demo-2 systemd: Started Journal Service.
Jul 10 12:18:55 demo-2 systemd[1]: Finished Create Volatile Files and Directories.
Jul 10 12:18:55 demo-2 systemd[1]: Finished Setup Virtual Console.
Jul 10 12:18:55 demo-2 systemd[1]: dracut ask for additional cmdline parameters was skipped because no trigger condition checks were met.
Jul 10 12:18:55 demo-2 systemd[1]: Starting dracut cmdline hook...
Jul 10 12:18:55 demo-2 dracut-cmdline[375]: dracut-6.3.1 dracut-057-53.git20240104.vl9
Jul 10 12:18:55 demo-2 dracut-cmdline[375]: Using kernel command line parameters:    BOOT_IMAGE=(hd1,gpt2)/vmlinuz-5.14.0-427.33.1.vz9.72.5 root=UUID=ed7b7d4d-6537-4432-b13f-c06e3b7ef9f6 ro tcache.enabled=0 resume=UUID=8595c4f9-ca82-45f8-9f02-14a026e04915 selinux=0 crashkernel=1G-4G:192M,4G-64G:256M,64G-:512M
Jul 10 12:18:55 demo-2 kernel: usb 2-7: new SuperSpeed USB device number 2 using xhci_hcd
Jul 10 12:18:55 demo-2 systemd[1]: Finished dracut cmdline hook.
Jul 10 12:18:55 demo-2 kernel: usb 2-7: New USB device found, idVendor=8564, idProduct=1000, bcdDevice=11.00
Jul 10 12:18:55 demo-2 kernel: usb 2-7: New USB device strings: Mfr=1, Product=2, SerialNumber=3
Jul 10 12:18:55 demo-2 kernel: usb 2-7: Product: Mass Storage Device
Jul 10 12:18:55 demo-2 kernel: usb 2-7: Manufacturer: JetFlash
Jul 10 12:18:55 demo-2 kernel: usb 2-7: SerialNumber: CCYYMMDDHHmmSSRWW417
Jul 10 12:18:56 demo-2 systemd[1]: Starting dracut pre-udev hook...
Jul 10 12:18:56 demo-2 systemd-modules-load[361]: Inserted module 'fuse_kio_pcs'
Jul 10 12:18:56 demo-2 kernel: kpcs_mod_init fuse_c:000000005cc6ba69 ireq_c:0000000041934b80 pcs_wq:0000000062e1cf33
Jul 10 12:18:56 demo-2 systemd-modules-load[361]: Inserted module 'vzstat'
Jul 10 12:18:56 demo-2 kernel: VZSTAT: initialized successfully
Jul 10 12:18:56 demo-2 systemd[1]: Finished dracut pre-udev hook.
Jul 10 12:18:56 demo-2 systemd[1]: Starting Rule-based Manager for Device Events and Files...
Jul 10 12:18:56 demo-2 systemd-modules-load[361]: Inserted module 'overlay'
Jul 10 12:18:56 demo-2 systemd-udevd[466]: Using default interface naming scheme 'rhel-9.0'.
Jul 10 12:18:56 demo-2 systemd[1]: Started Rule-based Manager for Device Events and Files.
Jul 10 12:18:56 demo-2 systemd[1]: dracut pre-trigger hook was skipped because no trigger condition checks were met.
Jul 10 12:18:56 demo-2 systemd[1]: Starting Coldplug All udev Devices...
Jul 10 12:18:56 demo-2 kernel: usb-storage 2-7:1.0: USB Mass Storage device detected
Jul 10 12:18:56 demo-2 kernel: scsi host0: usb-storage 2-7:1.0
Jul 10 12:18:56 demo-2 kernel: usbcore: registered new interface driver usb-storage
Jul 10 12:18:56 demo-2 kernel: usbcore: registered new interface driver uas
Jul 10 12:18:56 demo-2 kernel: device-mapper: core: CONFIG_IMA_DISABLE_HTABLE is disabled. Duplicate IMA measurements will not be recorded in the IMA log.
Jul 10 12:18:56 demo-2 kernel: device-mapper: uevent: version 1.0.3
Jul 10 12:18:56 demo-2 kernel: device-mapper: ioctl: 4.48.0-ioctl (2023-03-01) initialised: dm-devel@redhat.com
Jul 10 12:18:56 demo-2 systemd-modules-load[361]: Inserted module 'ploop'
Jul 10 12:18:56 demo-2 systemd-modules-load[361]: Inserted module 'dm_qcow2'
Jul 10 12:18:56 demo-2 systemd-modules-load[361]: Inserted module 'dm_tracking'
Jul 10 12:18:56 demo-2 systemd[1]: Finished Load Kernel Modules.
Jul 10 12:18:56 demo-2 systemd[1]: Starting Apply Kernel Variables...
Jul 10 12:18:56 demo-2 systemd-sysctl[478]: Couldn't write '768' to 'sunrpc/min_resvport', ignoring: No such file or directory
Jul 10 12:18:56 demo-2 systemd-sysctl[478]: Couldn't write '1023' to 'sunrpc/max_resvport', ignoring: No such file or directory
Jul 10 12:18:56 demo-2 systemd-sysctl[478]: Couldn't write '0' to 'net/bridge/bridge-nf-call-iptables', ignoring: No such file or directory
Jul 10 12:18:56 demo-2 systemd-sysctl[478]: Couldn't write '0' to 'net/bridge/bridge-nf-call-ip6tables', ignoring: No such file or directory
Jul 10 12:18:56 demo-2 systemd-sysctl[478]: Couldn't write '0' to 'net/bridge/bridge-nf-call-arptables', ignoring: No such file or directory
Jul 10 12:18:56 demo-2 systemd[1]: Finished Apply Kernel Variables.
Jul 10 12:18:56 demo-2 systemd[1]: sys-module-fuse.device: Failed to enqueue SYSTEMD_WANTS= job, ignoring: Unit sys-fs-fuse-connections.mount not found.
Jul 10 12:18:56 demo-2 systemd[1]: Finished Coldplug All udev Devices.
Jul 10 12:18:56 demo-2 systemd[1]: nm-initrd.service was skipped because of an unmet condition check (ConditionPathExists=/run/NetworkManager/initrd/neednet).
Jul 10 12:18:56 demo-2 systemd[1]: Reached target Network.
Jul 10 12:18:56 demo-2 systemd[1]: nm-wait-online-initrd.service was skipped because of an unmet condition check (ConditionPathExists=/run/NetworkManager/initrd/neednet).
Jul 10 12:18:56 demo-2 systemd[1]: Starting dracut initqueue hook...
Jul 10 12:18:56 demo-2 kernel: acpi PNP0C14:02: duplicate WMI GUID 05901221-D566-11D1-B2F0-00A0C9062910 (first instance was on PNP0C14:01)
Jul 10 12:18:56 demo-2 kernel: acpi PNP0C14:03: duplicate WMI GUID 05901221-D566-11D1-B2F0-00A0C9062910 (first instance was on PNP0C14:01)
Jul 10 12:18:56 demo-2 kernel: ACPI: video: Video Device [GFX0] (multi-head: yes  rom: no  post: no)
Jul 10 12:18:56 demo-2 kernel: input: Video Bus as /devices/LNXSYSTM:00/LNXSYBUS:00/PNP0A08:00/LNXVIDEO:00/input/input4
Jul 10 12:18:56 demo-2 kernel: dca service started, version 1.12.1
Jul 10 12:18:56 demo-2 kernel: usb 1-5: new high-speed USB device number 3 using xhci_hcd
Jul 10 12:18:56 demo-2 kernel: Intel(R) 2.5G Ethernet Linux Driver
Jul 10 12:18:56 demo-2 kernel: Copyright(c) 2018 Intel Corporation.
Jul 10 12:18:56 demo-2 kernel: igc 0000:04:00.0: enabling device (0000 -> 0002)
Jul 10 12:18:56 demo-2 kernel: igc 0000:04:00.0: PTM enabled, 4ns granularity
Jul 10 12:18:56 demo-2 kernel: ixgbe: Intel(R) 10 Gigabit PCI Express Network Driver
Jul 10 12:18:56 demo-2 kernel: ixgbe: Copyright (c) 1999-2016 Intel Corporation.
Jul 10 12:18:56 demo-2 kernel: nvme nvme0: pci function 0000:02:00.0
Jul 10 12:18:56 demo-2 kernel: ahci 0000:00:17.0: AHCI 0001.0301 32 slots 8 ports 6 Gbps 0xff impl SATA mode
Jul 10 12:18:56 demo-2 kernel: ahci 0000:00:17.0: flags: 64bit ncq sntf led clo only pio slum part ems deso sadm sds 
Jul 10 12:18:56 demo-2 kernel: nvme nvme0: allocated 64 MiB host memory buffer.
Jul 10 12:18:56 demo-2 kernel: nvme nvme0: 16/0/0 default/read/poll queues
Jul 10 12:18:56 demo-2 kernel: scsi host1: ahci
Jul 10 12:18:56 demo-2 kernel: scsi host2: ahci
Jul 10 12:18:56 demo-2 kernel: scsi host3: ahci
Jul 10 12:18:56 demo-2 kernel: scsi host4: ahci
Jul 10 12:18:56 demo-2 kernel: scsi host5: ahci
Jul 10 12:18:56 demo-2 kernel: scsi host6: ahci
Jul 10 12:18:56 demo-2 kernel: scsi host7: ahci
Jul 10 12:18:56 demo-2 kernel: scsi host8: ahci
Jul 10 12:18:56 demo-2 kernel: ata1: SATA max UDMA/133 abar m2048@0x82f02000 port 0x82f02100 irq 129 lpm-pol 0
Jul 10 12:18:56 demo-2 kernel: ata2: SATA max UDMA/133 abar m2048@0x82f02000 port 0x82f02180 irq 129 lpm-pol 0
Jul 10 12:18:56 demo-2 kernel: ata3: SATA max UDMA/133 abar m2048@0x82f02000 port 0x82f02200 irq 129 lpm-pol 0
Jul 10 12:18:56 demo-2 kernel: ata4: SATA max UDMA/133 abar m2048@0x82f02000 port 0x82f02280 irq 129 lpm-pol 0
Jul 10 12:18:56 demo-2 kernel: ata5: SATA max UDMA/133 abar m2048@0x82f02000 port 0x82f02300 irq 129 lpm-pol 0
Jul 10 12:18:56 demo-2 kernel: ata6: SATA max UDMA/133 abar m2048@0x82f02000 port 0x82f02380 irq 129 lpm-pol 0
Jul 10 12:18:56 demo-2 kernel: ata7: SATA max UDMA/133 abar m2048@0x82f02000 port 0x82f02400 irq 129 lpm-pol 0
Jul 10 12:18:56 demo-2 kernel: ata8: SATA max UDMA/133 abar m2048@0x82f02000 port 0x82f02480 irq 129 lpm-pol 0
Jul 10 12:18:56 demo-2 kernel: nvme0n1: p1 p2 p3 p4
Jul 10 12:18:56 demo-2 kernel: pps pps0: new PPS source ptp0
Jul 10 12:18:56 demo-2 kernel: igc 0000:04:00.0 (unnamed net_device) (uninitialized): PHC added
Jul 10 12:18:56 demo-2 kernel: igc 0000:04:00.0: 4.000 Gb/s available PCIe bandwidth (5.0 GT/s PCIe x1 link)
Jul 10 12:18:56 demo-2 kernel: igc 0000:04:00.0 eth0: MAC: 34:5a:60:44:af:77
Jul 10 12:18:56 demo-2 kernel: igc 0000:04:00.0 enp4s0: renamed from eth0
Jul 10 12:18:56 demo-2 kernel: usb 1-5: New USB device found, idVendor=05e3, idProduct=0608, bcdDevice=60.70
Jul 10 12:18:56 demo-2 kernel: usb 1-5: New USB device strings: Mfr=0, Product=1, SerialNumber=0
Jul 10 12:18:56 demo-2 kernel: usb 1-5: Product: USB2.0 Hub
Jul 10 12:18:56 demo-2 kernel: hub 1-5:1.0: USB hub found
Jul 10 12:18:56 demo-2 kernel: hub 1-5:1.0: 4 ports detected
Jul 10 12:18:56 demo-2 kernel: usb 1-11: new high-speed USB device number 4 using xhci_hcd
Jul 10 12:18:56 demo-2 kernel: ata6: SATA link down (SStatus 4 SControl 300)
Jul 10 12:18:56 demo-2 kernel: ata2: SATA link up 6.0 Gbps (SStatus 133 SControl 300)
Jul 10 12:18:56 demo-2 kernel: ata2.00: ATA-10: ADATA SU800, U0121A, max UDMA/133
Jul 10 12:18:56 demo-2 kernel: ata2.00: 2000409264 sectors, multi 16: LBA48 NCQ (depth 32), AA
Jul 10 12:18:56 demo-2 kernel: ata2.00: Features: Dev-Sleep
Jul 10 12:18:56 demo-2 kernel: ata5: SATA link down (SStatus 4 SControl 300)
Jul 10 12:18:56 demo-2 kernel: ata3: SATA link up 6.0 Gbps (SStatus 133 SControl 300)
Jul 10 12:18:56 demo-2 kernel: ata1: SATA link up 6.0 Gbps (SStatus 133 SControl 300)
Jul 10 12:18:56 demo-2 kernel: ata7: SATA link down (SStatus 4 SControl 300)
Jul 10 12:18:56 demo-2 kernel: ata4: SATA link down (SStatus 4 SControl 300)
Jul 10 12:18:56 demo-2 kernel: ata8: SATA link down (SStatus 4 SControl 300)
Jul 10 12:18:56 demo-2 kernel: ata2.00: configured for UDMA/133
Jul 10 12:18:56 demo-2 kernel: ata1.00: ATA-10: ADATA SU800, U0121A, max UDMA/133
Jul 10 12:18:56 demo-2 kernel: ata1.00: 2000409264 sectors, multi 16: LBA48 NCQ (depth 32), AA
Jul 10 12:18:56 demo-2 kernel: ata1.00: Features: Dev-Sleep
Jul 10 12:18:56 demo-2 kernel: ata1.00: configured for UDMA/133
Jul 10 12:18:56 demo-2 kernel: scsi 1:0:0:0: Direct-Access     ATA      ADATA SU800      1A   PQ: 0 ANSI: 5
Jul 10 12:18:56 demo-2 kernel: scsi 2:0:0:0: Direct-Access     ATA      ADATA SU800      1A   PQ: 0 ANSI: 5
Jul 10 12:18:56 demo-2 kernel: usb 1-11: New USB device found, idVendor=0409, idProduct=005a, bcdDevice= 1.00
Jul 10 12:18:56 demo-2 kernel: usb 1-11: New USB device strings: Mfr=0, Product=0, SerialNumber=0
Jul 10 12:18:56 demo-2 kernel: hub 1-11:1.0: USB hub found
Jul 10 12:18:56 demo-2 kernel: hub 1-11:1.0: 4 ports detected
Jul 10 12:18:56 demo-2 kernel: ata3.00: ATA-10: ST2000DM008-2UB102, 0001, max UDMA/133
Jul 10 12:18:56 demo-2 kernel: ata3.00: 3907029168 sectors, multi 16: LBA48 NCQ (depth 32), AA
Jul 10 12:18:56 demo-2 kernel: ata3.00: configured for UDMA/133
Jul 10 12:18:56 demo-2 kernel: scsi 3:0:0:0: Direct-Access     ATA      ST2000DM008-2UB1 0001 PQ: 0 ANSI: 5
Jul 10 12:18:56 demo-2 kernel: scsi 1:0:0:0: Attached scsi generic sg0 type 0
Jul 10 12:18:56 demo-2 kernel: scsi 2:0:0:0: Attached scsi generic sg1 type 0
Jul 10 12:18:56 demo-2 kernel: scsi 3:0:0:0: Attached scsi generic sg2 type 0
Jul 10 12:18:56 demo-2 kernel: sd 1:0:0:0: [sda] 2000409264 512-byte logical blocks: (1.02 TB/954 GiB)
Jul 10 12:18:56 demo-2 kernel: sd 3:0:0:0: [sdc] 3907029168 512-byte logical blocks: (2.00 TB/1.82 TiB)
Jul 10 12:18:56 demo-2 kernel: sd 3:0:0:0: [sdc] 4096-byte physical blocks
Jul 10 12:18:56 demo-2 kernel: sd 2:0:0:0: [sdb] 2000409264 512-byte logical blocks: (1.02 TB/954 GiB)
Jul 10 12:18:56 demo-2 kernel: sd 1:0:0:0: [sda] Write Protect is off
Jul 10 12:18:56 demo-2 kernel: sd 2:0:0:0: [sdb] Write Protect is off
Jul 10 12:18:56 demo-2 kernel: sd 3:0:0:0: [sdc] Write Protect is off
Jul 10 12:18:56 demo-2 kernel: sd 2:0:0:0: [sdb] Write cache: enabled, read cache: enabled, doesn't support DPO or FUA
Jul 10 12:18:56 demo-2 kernel: sd 1:0:0:0: [sda] Write cache: enabled, read cache: enabled, doesn't support DPO or FUA
Jul 10 12:18:56 demo-2 kernel: sd 3:0:0:0: [sdc] Write cache: enabled, read cache: enabled, doesn't support DPO or FUA
Jul 10 12:18:56 demo-2 kernel: sd 2:0:0:0: [sdb] Preferred minimum I/O size 512 bytes
Jul 10 12:18:56 demo-2 kernel: sd 1:0:0:0: [sda] Preferred minimum I/O size 512 bytes
Jul 10 12:18:56 demo-2 kernel: sd 3:0:0:0: [sdc] Preferred minimum I/O size 4096 bytes
Jul 10 12:18:56 demo-2 kernel: sdb: sdb1 sdb2
Jul 10 12:18:56 demo-2 kernel: sd 2:0:0:0: [sdb] Attached SCSI disk
Jul 10 12:18:56 demo-2 kernel: sda: sda1 sda2 sda3 sda4
Jul 10 12:18:56 demo-2 kernel: sd 1:0:0:0: [sda] Attached SCSI disk
Jul 10 12:18:56 demo-2 systemd[1]: Found device ADATA_SU800 3.
Jul 10 12:18:56 demo-2 systemd[1]: Found device ADATA_SU800 4.
Jul 10 12:18:56 demo-2 systemd[1]: Reached target Initrd Root Device.
Jul 10 12:18:56 demo-2 kernel: usb 1-13: new high-speed USB device number 5 using xhci_hcd
Jul 10 12:18:56 demo-2 kernel: sdc: sdc1 sdc2
Jul 10 12:18:56 demo-2 kernel: sd 3:0:0:0: [sdc] Attached SCSI disk
Jul 10 12:18:56 demo-2 systemd[1]: Starting Resume from hibernation using device /dev/disk/by-uuid/8595c4f9-ca82-45f8-9f02-14a026e04915...
Jul 10 12:18:56 demo-2 systemd-hibernate-resume[577]: Could not resume from '/dev/disk/by-uuid/8595c4f9-ca82-45f8-9f02-14a026e04915' (8:3).
Jul 10 12:18:56 demo-2 systemd[1]: systemd-hibernate-resume@dev-disk-by\x2duuid-8595c4f9\x2dca82\x2d45f8\x2d9f02\x2d14a026e04915.service: Deactivated successfully.
Jul 10 12:18:56 demo-2 systemd[1]: Finished Resume from hibernation using device /dev/disk/by-uuid/8595c4f9-ca82-45f8-9f02-14a026e04915.
Jul 10 12:18:56 demo-2 systemd[1]: Reached target Preparation for Local File Systems.
Jul 10 12:18:56 demo-2 systemd[1]: Reached target Local File Systems.
Jul 10 12:18:56 demo-2 systemd[1]: Reached target System Initialization.
Jul 10 12:18:56 demo-2 systemd[1]: Reached target Basic System.
Jul 10 12:18:56 demo-2 kernel: usb 1-13: New USB device found, idVendor=05e3, idProduct=0608, bcdDevice=60.70
Jul 10 12:18:56 demo-2 kernel: usb 1-13: New USB device strings: Mfr=0, Product=1, SerialNumber=0
Jul 10 12:18:56 demo-2 kernel: usb 1-13: Product: USB2.0 Hub
Jul 10 12:18:56 demo-2 kernel: hub 1-13:1.0: USB hub found
Jul 10 12:18:56 demo-2 kernel: hub 1-13:1.0: 4 ports detected
Jul 10 12:18:56 demo-2 kernel: usb 1-11.2: new low-speed USB device number 6 using xhci_hcd
Jul 10 12:18:56 demo-2 kernel: ixgbe 0000:05:00.0: Multiqueue Enabled: Rx Queue count = 16, Tx Queue count = 16 XDP Queue count = 0
Jul 10 12:18:56 demo-2 kernel: usb 1-11.2: New USB device found, idVendor=1c4f, idProduct=0034, bcdDevice= 1.10
Jul 10 12:18:56 demo-2 kernel: usb 1-11.2: New USB device strings: Mfr=1, Product=2, SerialNumber=0
Jul 10 12:18:56 demo-2 kernel: usb 1-11.2: Product: Usb Mouse
Jul 10 12:18:56 demo-2 kernel: usb 1-11.2: Manufacturer: SIGMACHIP
Jul 10 12:18:56 demo-2 kernel: input: SIGMACHIP Usb Mouse as /devices/pci0000:00/0000:00:14.0/usb1/1-11/1-11.2/1-11.2:1.0/0003:1C4F:0034.0002/input/input5
Jul 10 12:18:56 demo-2 kernel: hid-generic 0003:1C4F:0034.0002: input,hidraw1: USB HID v1.10 Mouse [SIGMACHIP Usb Mouse] on usb-0000:00:14.0-11.2/input0
Jul 10 12:18:56 demo-2 kernel: ixgbe 0000:05:00.0: 31.504 Gb/s available PCIe bandwidth (8.0 GT/s PCIe x4 link)
Jul 10 12:18:57 demo-2 kernel: usb 1-14: new full-speed USB device number 7 using xhci_hcd
Jul 10 12:18:57 demo-2 kernel: ixgbe 0000:05:00.0: MAC: 4, PHY: 0, PBA No: H86377-007
Jul 10 12:18:57 demo-2 kernel: ixgbe 0000:05:00.0: ec:e7:a7:12:d9:c4
Jul 10 12:18:57 demo-2 kernel: scsi 0:0:0:0: Direct-Access     JetFlash Transcend 32GB   1100 PQ: 0 ANSI: 6
Jul 10 12:18:57 demo-2 kernel: scsi 0:0:0:0: alua: supports implicit and explicit TPGS
Jul 10 12:18:57 demo-2 kernel: scsi 0:0:0:0: alua: No target port descriptors found
Jul 10 12:18:57 demo-2 kernel: sd 0:0:0:0: Attached scsi generic sg3 type 0
Jul 10 12:18:57 demo-2 kernel: sd 0:0:0:0: [sdd] 59725824 512-byte logical blocks: (30.6 GB/28.5 GiB)
Jul 10 12:18:57 demo-2 kernel: sd 0:0:0:0: [sdd] Write Protect is off
Jul 10 12:18:57 demo-2 kernel: sd 0:0:0:0: [sdd] Write cache: enabled, read cache: enabled, doesn't support DPO or FUA
Jul 10 12:18:57 demo-2 kernel: sdd: sdd1 sdd2 sdd3
Jul 10 12:18:57 demo-2 kernel: sd 0:0:0:0: [sdd] Attached SCSI removable disk
Jul 10 12:18:57 demo-2 kernel: usb 1-14: New USB device found, idVendor=8087, idProduct=0033, bcdDevice= 0.00
Jul 10 12:18:57 demo-2 kernel: usb 1-14: New USB device strings: Mfr=0, Product=0, SerialNumber=0
Jul 10 12:18:57 demo-2 kernel: ixgbe 0000:05:00.0: Intel(R) 10 Gigabit Network Connection
Jul 10 12:18:57 demo-2 kernel: usb 1-11.4: new full-speed USB device number 8 using xhci_hcd
Jul 10 12:18:57 demo-2 kernel: usb 1-11.4: New USB device found, idVendor=0557, idProduct=8021, bcdDevice= 1.00
Jul 10 12:18:57 demo-2 kernel: usb 1-11.4: New USB device strings: Mfr=0, Product=0, SerialNumber=0
Jul 10 12:18:57 demo-2 kernel: hub 1-11.4:1.0: USB hub found
Jul 10 12:18:57 demo-2 kernel: hub 1-11.4:1.0: 4 ports detected
Jul 10 12:18:57 demo-2 kernel: usb 1-11.4.1: new full-speed USB device number 9 using xhci_hcd
Jul 10 12:18:57 demo-2 kernel: usb 1-11.4.1: New USB device found, idVendor=0557, idProduct=2287, bcdDevice= 2.00
Jul 10 12:18:57 demo-2 kernel: usb 1-11.4.1: New USB device strings: Mfr=1, Product=2, SerialNumber=0
Jul 10 12:18:57 demo-2 kernel: usb 1-11.4.1: Product: HDMI KVM
Jul 10 12:18:57 demo-2 kernel: usb 1-11.4.1: Manufacturer: ATEN
Jul 10 12:18:57 demo-2 kernel: input: ATEN HDMI KVM as /devices/pci0000:00/0000:00:14.0/usb1/1-11/1-11.4/1-11.4.1/1-11.4.1:1.0/0003:0557:2287.0003/input/input6
Jul 10 12:18:57 demo-2 kernel: hid-generic 0003:0557:2287.0003: input,hidraw2: USB HID v1.11 Keyboard [ATEN HDMI KVM] on usb-0000:00:14.0-11.4.1/input0
Jul 10 12:18:57 demo-2 kernel: input: ATEN HDMI KVM as /devices/pci0000:00/0000:00:14.0/usb1/1-11/1-11.4/1-11.4.1/1-11.4.1:1.1/0003:0557:2287.0004/input/input7
Jul 10 12:18:57 demo-2 kernel: hid-generic 0003:0557:2287.0004: input,hidraw3: USB HID v1.11 Mouse [ATEN HDMI KVM] on usb-0000:00:14.0-11.4.1/input1
Jul 10 12:18:57 demo-2 kernel: input: ATEN HDMI KVM Keyboard as /devices/pci0000:00/0000:00:14.0/usb1/1-11/1-11.4/1-11.4.1/1-11.4.1:1.2/0003:0557:2287.0005/input/input8
Jul 10 12:18:57 demo-2 kernel: ixgbe 0000:05:00.1: Multiqueue Enabled: Rx Queue count = 16, Tx Queue count = 16 XDP Queue count = 0
Jul 10 12:18:57 demo-2 kernel: hid-generic 0003:0557:2287.0005: input,hidraw4: USB HID v1.11 Keyboard [ATEN HDMI KVM] on usb-0000:00:14.0-11.4.1/input2
Jul 10 12:18:57 demo-2 kernel: input: ATEN HDMI KVM as /devices/pci0000:00/0000:00:14.0/usb1/1-11/1-11.4/1-11.4.1/1-11.4.1:1.3/0003:0557:2287.0006/input/input9
Jul 10 12:18:57 demo-2 kernel: hid-generic 0003:0557:2287.0006: input,hidraw5: USB HID v1.10 Mouse [ATEN HDMI KVM] on usb-0000:00:14.0-11.4.1/input3
Jul 10 12:18:57 demo-2 kernel: ixgbe 0000:05:00.1: 31.504 Gb/s available PCIe bandwidth (8.0 GT/s PCIe x4 link)
Jul 10 12:18:58 demo-2 kernel: ixgbe 0000:05:00.1: MAC: 4, PHY: 0, PBA No: H86377-007
Jul 10 12:18:58 demo-2 kernel: ixgbe 0000:05:00.1: ec:e7:a7:12:d9:c5
Jul 10 12:18:58 demo-2 kernel: ixgbe 0000:05:00.1: Intel(R) 10 Gigabit Network Connection
Jul 10 12:18:58 demo-2 kernel: ixgbe 0000:05:00.1 enp5s0f1: renamed from eth1
Jul 10 12:18:58 demo-2 kernel: ixgbe 0000:05:00.0 enp5s0f0: renamed from eth0
Jul 10 12:18:58 demo-2 systemd[1]: Finished dracut initqueue hook.
Jul 10 12:18:58 demo-2 systemd[1]: Reached target Preparation for Remote File Systems.
Jul 10 12:18:58 demo-2 systemd[1]: Reached target Remote File Systems.
Jul 10 12:18:58 demo-2 systemd[1]: dracut pre-mount hook was skipped because no trigger condition checks were met.
Jul 10 12:18:58 demo-2 systemd[1]: Starting File System Check on /dev/disk/by-uuid/ed7b7d4d-6537-4432-b13f-c06e3b7ef9f6...
Jul 10 12:18:58 demo-2 systemd-fsck[591]: /dev/sda4: clean, 148883/60252160 files, 6582629/240984320 blocks
Jul 10 12:18:58 demo-2 systemd[1]: Finished File System Check on /dev/disk/by-uuid/ed7b7d4d-6537-4432-b13f-c06e3b7ef9f6.
Jul 10 12:18:58 demo-2 systemd[1]: Mounting /sysroot...
Jul 10 12:18:58 demo-2 kernel: EXT4-fs (sda4): mounted filesystem ed7b7d4d-6537-4432-b13f-c06e3b7ef9f6 ro with ordered data mode. Quota mode: none.
Jul 10 12:18:58 demo-2 systemd[1]: Mounted /sysroot.
Jul 10 12:18:58 demo-2 systemd[1]: Reached target Initrd Root File System.
Jul 10 12:18:58 demo-2 systemd[1]: Starting Mountpoints Configured in the Real Root...
Jul 10 12:18:58 demo-2 systemd[1]: initrd-parse-etc.service: Deactivated successfully.
Jul 10 12:18:58 demo-2 systemd[1]: Finished Mountpoints Configured in the Real Root.
Jul 10 12:18:58 demo-2 systemd[1]: Reached target Initrd File Systems.
Jul 10 12:18:58 demo-2 systemd[1]: Reached target Initrd Default Target.
Jul 10 12:18:58 demo-2 systemd[1]: dracut mount hook was skipped because no trigger condition checks were met.
Jul 10 12:18:58 demo-2 systemd[1]: Starting dracut pre-pivot and cleanup hook...
Jul 10 12:18:58 demo-2 systemd[1]: Finished dracut pre-pivot and cleanup hook.
Jul 10 12:18:58 demo-2 systemd[1]: Starting Cleaning Up and Shutting Down Daemons...
Jul 10 12:18:58 demo-2 systemd[1]: Stopped target Network.
Jul 10 12:18:58 demo-2 systemd[1]: Stopped target Timer Units.
Jul 10 12:18:58 demo-2 systemd[1]: dbus.socket: Deactivated successfully.
Jul 10 12:18:58 demo-2 systemd[1]: Closed D-Bus System Message Bus Socket.
Jul 10 12:18:58 demo-2 systemd[1]: dracut-pre-pivot.service: Deactivated successfully.
Jul 10 12:18:58 demo-2 systemd[1]: Stopped dracut pre-pivot and cleanup hook.
Jul 10 12:18:58 demo-2 systemd[1]: Stopped target Initrd Default Target.
Jul 10 12:18:58 demo-2 systemd[1]: Stopped target Basic System.
Jul 10 12:18:58 demo-2 systemd[1]: Stopped target Initrd Root Device.
Jul 10 12:18:58 demo-2 systemd[1]: Stopped target Initrd /usr File System.
Jul 10 12:18:58 demo-2 systemd[1]: Stopped target Path Units.
Jul 10 12:18:58 demo-2 systemd[1]: systemd-ask-password-console.path: Deactivated successfully.
Jul 10 12:18:58 demo-2 systemd[1]: Stopped Dispatch Password Requests to Console Directory Watch.
Jul 10 12:18:58 demo-2 systemd[1]: Stopped target Remote File Systems.
Jul 10 12:18:58 demo-2 systemd[1]: Stopped target Preparation for Remote File Systems.
Jul 10 12:18:58 demo-2 systemd[1]: Stopped target Slice Units.
Jul 10 12:18:58 demo-2 systemd[1]: Stopped target Socket Units.
Jul 10 12:18:58 demo-2 systemd[1]: Stopped target System Initialization.
Jul 10 12:18:58 demo-2 systemd[1]: Stopped target Local File Systems.
Jul 10 12:18:58 demo-2 systemd[1]: Stopped target Preparation for Local File Systems.
Jul 10 12:18:58 demo-2 systemd[1]: Stopped target Swaps.
Jul 10 12:18:58 demo-2 systemd[1]: dracut-initqueue.service: Deactivated successfully.
Jul 10 12:18:58 demo-2 systemd[1]: Stopped dracut initqueue hook.
Jul 10 12:18:58 demo-2 systemd[1]: systemd-sysctl.service: Deactivated successfully.
Jul 10 12:18:58 demo-2 systemd[1]: Stopped Apply Kernel Variables.
Jul 10 12:18:58 demo-2 systemd[1]: systemd-modules-load.service: Deactivated successfully.
Jul 10 12:18:58 demo-2 systemd[1]: Stopped Load Kernel Modules.
Jul 10 12:18:58 demo-2 systemd[1]: systemd-tmpfiles-setup.service: Deactivated successfully.
Jul 10 12:18:58 demo-2 systemd[1]: Stopped Create Volatile Files and Directories.
Jul 10 12:18:58 demo-2 systemd[1]: systemd-udev-trigger.service: Deactivated successfully.
Jul 10 12:18:58 demo-2 systemd[1]: Stopped Coldplug All udev Devices.
Jul 10 12:18:58 demo-2 systemd[1]: Stopping Rule-based Manager for Device Events and Files...
Jul 10 12:18:58 demo-2 systemd[1]: systemd-vconsole-setup.service: Deactivated successfully.
Jul 10 12:18:58 demo-2 systemd[1]: Stopped Setup Virtual Console.
Jul 10 12:18:58 demo-2 systemd[1]: run-credentials-systemd\x2dsysctl.service.mount: Deactivated successfully.
Jul 10 12:18:58 demo-2 systemd[1]: run-credentials-systemd\x2dtmpfiles\x2dsetup.service.mount: Deactivated successfully.
Jul 10 12:18:58 demo-2 systemd[1]: initrd-cleanup.service: Deactivated successfully.
Jul 10 12:18:58 demo-2 systemd[1]: Finished Cleaning Up and Shutting Down Daemons.
Jul 10 12:18:58 demo-2 systemd[1]: systemd-udevd.service: Deactivated successfully.
Jul 10 12:18:58 demo-2 systemd[1]: Stopped Rule-based Manager for Device Events and Files.
Jul 10 12:18:58 demo-2 systemd[1]: systemd-udevd-control.socket: Deactivated successfully.
Jul 10 12:18:58 demo-2 systemd[1]: Closed udev Control Socket.
Jul 10 12:18:58 demo-2 systemd[1]: systemd-udevd-kernel.socket: Deactivated successfully.
Jul 10 12:18:58 demo-2 systemd[1]: Closed udev Kernel Socket.
Jul 10 12:18:58 demo-2 systemd[1]: dracut-pre-udev.service: Deactivated successfully.
Jul 10 12:18:58 demo-2 systemd[1]: Stopped dracut pre-udev hook.
Jul 10 12:18:58 demo-2 systemd[1]: dracut-cmdline.service: Deactivated successfully.
Jul 10 12:18:58 demo-2 systemd[1]: Stopped dracut cmdline hook.
Jul 10 12:18:58 demo-2 systemd[1]: Starting Cleanup udev Database...
Jul 10 12:18:58 demo-2 systemd[1]: systemd-tmpfiles-setup-dev.service: Deactivated successfully.
Jul 10 12:18:58 demo-2 systemd[1]: Stopped Create Static Device Nodes in /dev.
Jul 10 12:18:58 demo-2 systemd[1]: kmod-static-nodes.service: Deactivated successfully.
Jul 10 12:18:58 demo-2 systemd[1]: Stopped Create List of Static Device Nodes.
Jul 10 12:18:58 demo-2 systemd[1]: systemd-sysusers.service: Deactivated successfully.
Jul 10 12:18:58 demo-2 systemd[1]: Stopped Create System Users.
Jul 10 12:18:58 demo-2 systemd[1]: run-credentials-systemd\x2dtmpfiles\x2dsetup\x2ddev.service.mount: Deactivated successfully.
Jul 10 12:18:58 demo-2 systemd[1]: run-credentials-systemd\x2dsysusers.service.mount: Deactivated successfully.
Jul 10 12:18:58 demo-2 systemd[1]: initrd-udevadm-cleanup-db.service: Deactivated successfully.
Jul 10 12:18:58 demo-2 systemd[1]: Finished Cleanup udev Database.
Jul 10 12:18:58 demo-2 systemd[1]: Reached target Switch Root.
Jul 10 12:18:58 demo-2 systemd[1]: Starting Switch Root...
Jul 10 12:18:58 demo-2 systemd[1]: Switching root.
Jul 10 12:18:58 demo-2 systemd-journald[360]: Journal stopped
Jul 10 04:18:58 demo-2 systemd-journald: Received SIGTERM from PID 1 (systemd).
Jul 10 04:18:58 demo-2 systemd: RTC configured in localtime, applying delta of 480 minutes to system time.
Jul 10 04:18:58 demo-2 systemd: systemd 252-32.vl9.2 running in system mode (+PAM +AUDIT +SELINUX -APPARMOR +IMA +SMACK +SECCOMP +GCRYPT +GNUTLS +OPENSSL +ACL +BLKID +CURL +ELFUTILS -FIDO2 +IDN2 -IDN -IPTC +KMOD +LIBCRYPTSETUP +LIBFDISK +PCRE2 -PWQUALITY +P11KIT -QRENCODE +TPM2 +BZIP2 +LZ4 +XZ +ZLIB +ZSTD -BPF_FRAMEWORK +XKBCOMMON +UTMP +SYSVINIT default-hierarchy=unified)
Jul 10 04:18:58 demo-2 systemd: Detected architecture x86-64.
Jul 10 04:18:58 demo-2 systemd-rc-local-generator: /etc/rc.d/rc.local is not marked executable, skipping.
Jul 10 04:18:58 demo-2 systemd-sysv-generator: SysV service '/etc/rc.d/init.d/network' lacks a native systemd unit file. Automatically generating a unit file for compatibility. Please update package to include a native systemd unit file, in order to make it more safe and robust.
Jul 10 04:18:58 demo-2 systemd: initrd-switch-root.service: Deactivated successfully.
Jul 10 04:18:58 demo-2 systemd: Stopped Switch Root.
Jul 10 04:18:58 demo-2 systemd: systemd-journald.service: Scheduled restart job, restart counter is at 1.
Jul 10 04:18:58 demo-2 systemd: Created slice Virtual Machine and Container Slice.
Jul 10 04:18:58 demo-2 systemd: Created slice Slice /system/getty.
Jul 10 04:18:58 demo-2 systemd: Created slice Slice /system/modprobe.
Jul 10 04:18:58 demo-2 systemd: Created slice Slice /system/sshd-keygen.
Jul 10 04:18:58 demo-2 systemd: Created slice Slice /system/systemd-fsck.
Jul 10 04:18:58 demo-2 systemd: Created slice User and Session Slice.
Jul 10 04:18:58 demo-2 systemd: Created slice Slice /vstorage.
